Component: ARM Compiler 5.06 update 7 (build 960) Tool: armlink [4d3601]

==============================================================================

Section Cross References

    startup_stm32f40_41xxx.o(STACK) refers (Special) to heapauxi.o(.text) for __use_two_region_memory
    startup_stm32f40_41xxx.o(HEAP) refers (Special) to heapauxi.o(.text) for __use_two_region_memory
    startup_stm32f40_41xxx.o(RESET) refers (Special) to heapauxi.o(.text) for __use_two_region_memory
    startup_stm32f40_41xxx.o(RESET) refers to startup_stm32f40_41xxx.o(STACK) for __initial_sp
    startup_stm32f40_41xxx.o(RESET) refers to startup_stm32f40_41xxx.o(.text) for Reset_Handler
    startup_stm32f40_41xxx.o(RESET) refers to stm32f4xx_it.o(i.NMI_Handler) for NMI_Handler
    startup_stm32f40_41xxx.o(RESET) refers to stm32f4xx_it.o(i.HardFault_Handler) for HardFault_Handler
    startup_stm32f40_41xxx.o(RESET) refers to stm32f4xx_it.o(i.MemManage_Handler) for MemManage_Handler
    startup_stm32f40_41xxx.o(RESET) refers to stm32f4xx_it.o(i.BusFault_Handler) for BusFault_Handler
    startup_stm32f40_41xxx.o(RESET) refers to stm32f4xx_it.o(i.UsageFault_Handler) for UsageFault_Handler
    startup_stm32f40_41xxx.o(RESET) refers to stm32f4xx_it.o(i.SVC_Handler) for SVC_Handler
    startup_stm32f40_41xxx.o(RESET) refers to stm32f4xx_it.o(i.DebugMon_Handler) for DebugMon_Handler
    startup_stm32f40_41xxx.o(RESET) refers to stm32f4xx_it.o(i.PendSV_Handler) for PendSV_Handler
    startup_stm32f40_41xxx.o(RESET) refers to stm32f4xx_it.o(i.SysTick_Handler) for SysTick_Handler
    startup_stm32f40_41xxx.o(RESET) refers to stm32f4xx_it.o(i.TIM1_UP_TIM10_IRQHandler) for TIM1_UP_TIM10_IRQHandler
    startup_stm32f40_41xxx.o(RESET) refers to stm32f4xx_it.o(i.TIM5_IRQHandler) for TIM5_IRQHandler
    startup_stm32f40_41xxx.o(RESET) refers to stm32f4xx_it.o(i.TIM6_DAC_IRQHandler) for TIM6_DAC_IRQHandler
    startup_stm32f40_41xxx.o(RESET) refers to stm32f4xx_it.o(i.TIM7_IRQHandler) for TIM7_IRQHandler
    startup_stm32f40_41xxx.o(.text) refers (Special) to heapauxi.o(.text) for __use_two_region_memory
    startup_stm32f40_41xxx.o(.text) refers to system_stm32f4xx.o(i.SystemInit) for SystemInit
    startup_stm32f40_41xxx.o(.text) refers to __main.o(!!!main) for __main
    startup_stm32f40_41xxx.o(.text) refers to startup_stm32f40_41xxx.o(HEAP) for Heap_Mem
    startup_stm32f40_41xxx.o(.text) refers to startup_stm32f40_41xxx.o(STACK) for Stack_Mem
    stm32f4xx_adc.o(i.ADC_DeInit) refers to stm32f4xx_rcc.o(i.RCC_APB2PeriphResetCmd) for RCC_APB2PeriphResetCmd
    stm32f4xx_can.o(i.CAN_DeInit) refers to stm32f4xx_rcc.o(i.RCC_APB1PeriphResetCmd) for RCC_APB1PeriphResetCmd
    stm32f4xx_can.o(i.CAN_GetITStatus) refers to stm32f4xx_can.o(i.CheckITStatus) for CheckITStatus
    stm32f4xx_cryp.o(i.CRYP_DeInit) refers to stm32f4xx_rcc.o(i.RCC_AHB2PeriphResetCmd) for RCC_AHB2PeriphResetCmd
    stm32f4xx_cryp_aes.o(i.CRYP_AES_CBC) refers to stm32f4xx_cryp.o(i.CRYP_KeyStructInit) for CRYP_KeyStructInit
    stm32f4xx_cryp_aes.o(i.CRYP_AES_CBC) refers to stm32f4xx_cryp.o(i.CRYP_FIFOFlush) for CRYP_FIFOFlush
    stm32f4xx_cryp_aes.o(i.CRYP_AES_CBC) refers to stm32f4xx_cryp.o(i.CRYP_Init) for CRYP_Init
    stm32f4xx_cryp_aes.o(i.CRYP_AES_CBC) refers to stm32f4xx_cryp.o(i.CRYP_KeyInit) for CRYP_KeyInit
    stm32f4xx_cryp_aes.o(i.CRYP_AES_CBC) refers to stm32f4xx_cryp.o(i.CRYP_Cmd) for CRYP_Cmd
    stm32f4xx_cryp_aes.o(i.CRYP_AES_CBC) refers to stm32f4xx_cryp.o(i.CRYP_GetFlagStatus) for CRYP_GetFlagStatus
    stm32f4xx_cryp_aes.o(i.CRYP_AES_CBC) refers to stm32f4xx_cryp.o(i.CRYP_IVInit) for CRYP_IVInit
    stm32f4xx_cryp_aes.o(i.CRYP_AES_CBC) refers to stm32f4xx_cryp.o(i.CRYP_GetCmdStatus) for CRYP_GetCmdStatus
    stm32f4xx_cryp_aes.o(i.CRYP_AES_CBC) refers to stm32f4xx_cryp.o(i.CRYP_DataIn) for CRYP_DataIn
    stm32f4xx_cryp_aes.o(i.CRYP_AES_CBC) refers to stm32f4xx_cryp.o(i.CRYP_DataOut) for CRYP_DataOut
    stm32f4xx_cryp_aes.o(i.CRYP_AES_CCM) refers to stm32f4xx_cryp.o(i.CRYP_KeyStructInit) for CRYP_KeyStructInit
    stm32f4xx_cryp_aes.o(i.CRYP_AES_CCM) refers to stm32f4xx_cryp.o(i.CRYP_FIFOFlush) for CRYP_FIFOFlush
    stm32f4xx_cryp_aes.o(i.CRYP_AES_CCM) refers to stm32f4xx_cryp.o(i.CRYP_KeyInit) for CRYP_KeyInit
    stm32f4xx_cryp_aes.o(i.CRYP_AES_CCM) refers to stm32f4xx_cryp.o(i.CRYP_IVInit) for CRYP_IVInit
    stm32f4xx_cryp_aes.o(i.CRYP_AES_CCM) refers to stm32f4xx_cryp.o(i.CRYP_Init) for CRYP_Init
    stm32f4xx_cryp_aes.o(i.CRYP_AES_CCM) refers to stm32f4xx_cryp.o(i.CRYP_PhaseConfig) for CRYP_PhaseConfig
    stm32f4xx_cryp_aes.o(i.CRYP_AES_CCM) refers to stm32f4xx_cryp.o(i.CRYP_DataIn) for CRYP_DataIn
    stm32f4xx_cryp_aes.o(i.CRYP_AES_CCM) refers to stm32f4xx_cryp.o(i.CRYP_Cmd) for CRYP_Cmd
    stm32f4xx_cryp_aes.o(i.CRYP_AES_CCM) refers to stm32f4xx_cryp.o(i.CRYP_GetCmdStatus) for CRYP_GetCmdStatus
    stm32f4xx_cryp_aes.o(i.CRYP_AES_CCM) refers to stm32f4xx_cryp.o(i.CRYP_GetFlagStatus) for CRYP_GetFlagStatus
[...]
    i.TIM_OC2PreloadConfig                   0x080012e0   Section        0  stm32f4xx_tim.o(i.TIM_OC2PreloadConfig)
    i.TIM_SetIC1Prescaler                    0x080012fa   Section        0  stm32f4xx_tim.o(i.TIM_SetIC1Prescaler)
    i.TIM_SetIC2Prescaler                    0x0800130c   Section        0  stm32f4xx_tim.o(i.TIM_SetIC2Prescaler)
    i.TIM_SetIC3Prescaler                    0x08001326   Section        0  stm32f4xx_tim.o(i.TIM_SetIC3Prescaler)
    i.TIM_SetIC4Prescaler                    0x08001338   Section        0  stm32f4xx_tim.o(i.TIM_SetIC4Prescaler)
    i.TIM_TimeBaseInit                       0x08001354   Section        0  stm32f4xx_tim.o(i.TIM_TimeBaseInit)
    i.UsageFault_Handler                     0x080013d8   Section        0  stm32f4xx_it.o(i.UsageFault_Handler)
    i.__ARM_fpclassify                       0x080013dc   Section        0  fpclassify.o(i.__ARM_fpclassify)
    i.__hardfp_asin                          0x08001410   Section        0  asin.o(i.__hardfp_asin)
    i.__hardfp_atan                          0x08001770   Section        0  atan.o(i.__hardfp_atan)
    i.__hardfp_atan2                         0x08001a48   Section        0  atan2.o(i.__hardfp_atan2)
    i.__kernel_poly                          0x08001c48   Section        0  poly.o(i.__kernel_poly)
    i.__mathlib_dbl_infnan                   0x08001d40   Section        0  dunder.o(i.__mathlib_dbl_infnan)
    i.__mathlib_dbl_infnan2                  0x08001d54   Section        0  dunder.o(i.__mathlib_dbl_infnan2)
    i.__mathlib_dbl_invalid                  0x08001d68   Section        0  dunder.o(i.__mathlib_dbl_invalid)
    i.__mathlib_dbl_underflow                0x08001d88   Section        0  dunder.o(i.__mathlib_dbl_underflow)
    i.accel_6500_self_test                   0x08001da8   Section        0  inv_mpu.o(i.accel_6500_self_test)
    accel_6500_self_test                     0x08001da9   Thumb Code   558  inv_mpu.o(i.accel_6500_self_test)
    i.atan                                   0x08001fec   Section        0  atan.o(i.atan)
    i.cpuInit                                0x08001ffc   Section        0  cpu.o(i.cpuInit)
    i.decode_gesture                         0x0800203c   Section        0  inv_mpu_dmp_motion_driver.o(i.decode_gesture)
    decode_gesture                           0x0800203d   Thumb Code    94  inv_mpu_dmp_motion_driver.o(i.decode_gesture)
    i.delayMs                                0x080020a0   Section        0  cpu.o(i.delayMs)
    i.delayUs                                0x080020b4   Section        0  cpu.o(i.delayUs)
    i.dmp_enable_6x_lp_quat                  0x080020c8   Section        0  inv_mpu_dmp_motion_driver.o(i.dmp_enable_6x_lp_quat)
    i.dmp_enable_feature                     0x08002104   Section        0  inv_mpu_dmp_motion_driver.o(i.dmp_enable_feature)
    i.dmp_enable_gyro_cal                    0x08002320   Section        0  inv_mpu_dmp_motion_driver.o(i.dmp_enable_gyro_cal)
    i.dmp_enable_lp_quat                     0x08002378   Section        0  inv_mpu_dmp_motion_driver.o(i.dmp_enable_lp_quat)
    i.dmp_load_motion_driver_firmware        0x080023b4   Section        0  inv_mpu_dmp_motion_driver.o(i.dmp_load_motion_driver_firmware)
    i.dmp_read_fifo                          0x080023cc   Section        0  inv_mpu_dmp_motion_driver.o(i.dmp_read_fifo)
    i.dmp_set_accel_bias                     0x08002598   Section        0  inv_mpu_dmp_motion_driver.o(i.dmp_set_accel_bias)
    i.dmp_set_fifo_rate                      0x080026cc   Section        0  inv_mpu_dmp_motion_driver.o(i.dmp_set_fifo_rate)
    i.dmp_set_gyro_bias                      0x0800273c   Section        0  inv_mpu_dmp_motion_driver.o(i.dmp_set_gyro_bias)
    i.dmp_set_orientation                    0x0800286c   Section        0  inv_mpu_dmp_motion_driver.o(i.dmp_set_orientation)
    i.dmp_set_shake_reject_thresh            0x080029a4   Section        0  inv_mpu_dmp_motion_driver.o(i.dmp_set_shake_reject_thresh)
    i.dmp_set_shake_reject_time              0x080029dc   Section        0  inv_mpu_dmp_motion_driver.o(i.dmp_set_shake_reject_time)
    i.dmp_set_shake_reject_timeout           0x08002a02   Section        0  inv_mpu_dmp_motion_driver.o(i.dmp_set_shake_reject_timeout)
    i.dmp_set_tap_axes                       0x08002a28   Section        0  inv_mpu_dmp_motion_driver.o(i.dmp_set_tap_axes)
    i.dmp_set_tap_count                      0x08002a6e   Section        0  inv_mpu_dmp_motion_driver.o(i.dmp_set_tap_count)
    i.dmp_set_tap_thresh                     0x08002a94   Section        0  inv_mpu_dmp_motion_driver.o(i.dmp_set_tap_thresh)
    i.dmp_set_tap_time                       0x08002c54   Section        0  inv_mpu_dmp_motion_driver.o(i.dmp_set_tap_time)
    i.dmp_set_tap_time_multi                 0x08002c7a   Section        0  inv_mpu_dmp_motion_driver.o(i.dmp_set_tap_time_multi)
    i.encoderInit                            0x08002ca0   Section        0  cpu.o(i.encoderInit)
    encoderInit                              0x08002ca1   Thumb Code   244  cpu.o(i.encoderInit)
    i.fabs                                   0x08002d9c   Section        0  fabs.o(i.fabs)
    i.get_st_6500_biases                     0x08002db4   Section        0  inv_mpu.o(i.get_st_6500_biases)
    get_st_6500_biases                       0x08002db5   Thumb Code  1262  inv_mpu.o(i.get_st_6500_biases)
    i.gpioInit                               0x080032a8   Section        0  cpu.o(i.gpioInit)
    gpioInit                                 0x080032a9   Thumb Code   336  cpu.o(i.gpioInit)
    i.gyro_6500_self_test                    0x08003408   Section        0  inv_mpu.o(i.gyro_6500_self_test)
    gyro_6500_self_test                      0x08003409   Thumb Code   510  inv_mpu.o(i.gyro_6500_self_test)
    i.iicAck                                 0x0800361c   Section        0  cpu.o(i.iicAck)
    i.iicNAck                                0x0800365c   Section        0  cpu.o(i.iicNAck)
    i.iicReadOneByte                         0x08003690   Section        0  cpu.o(i.iicReadOneByte)
    i.iicSendOneByte                         0x080036d8   Section        0  cpu.o(i.iicSendOneByte)
    i.iicStart                               0x08003740   Section        0  cpu.o(i.iicStart)
    i.iicStop                                0x08003780   Section        0  cpu.o(i.iicStop)
    i.iicWaitAck                             0x080037ac   Section        0  cpu.o(i.iicWaitAck)
    i.inv_orientation_matrix_to_scalar       0x080037f4   Section        0  mpu6500.o(i.inv_orientation_matrix_to_scalar)
    inv_orientation_matrix_to_scalar         0x080037f5   Thumb Code    40  mpu6500.o(i.inv_orientation_matrix_to_scalar)
    i.inv_row_2_scale                        0x0800381c   Section        0  mpu6500.o(i.inv_row_2_scale)
    inv_row_2_scale                          0x0800381d   Thumb Code    78  mpu6500.o(i.inv_row_2_scale)
    i.main                                   0x0800386c   Section        0  main.o(i.main)
    i.motorPwmInit                           0x08003900   Section        0  cpu.o(i.motorPwmInit)
    motorPwmInit                             0x08003901   Thumb Code   106  cpu.o(i.motorPwmInit)
    i.mpu6500Init                            0x08003970   Section        0  cpu.o(i.mpu6500Init)
    mpu6500Init                              0x08003971   Thumb Code    54  cpu.o(i.mpu6500Init)
    i.mpuRead                                0x080039a6   Section        0  cpu.o(i.mpuRead)
    i.mpuWrite                               0x08003a18   Section        0  cpu.o(i.mpuWrite)
    i.mpu_configure_fifo                     0x08003a60   Section        0  inv_mpu.o(i.mpu_configure_fifo)
    i.mpu_get_accel_fsr                      0x08003ad0   Section        0  inv_mpu.o(i.mpu_get_accel_fsr)
    i.mpu_get_accel_sens                     0x08003b1c   Section        0  inv_mpu.o(i.mpu_get_accel_sens)
    i.mpu_get_fifo_config                    0x08003b70   Section        0  inv_mpu.o(i.mpu_get_fifo_config)
    i.mpu_get_gyro_fsr                       0x08003b80   Section        0  inv_mpu.o(i.mpu_get_gyro_fsr)
    i.mpu_get_gyro_sens                      0x08003bc4   Section        0  inv_mpu.o(i.mpu_get_gyro_sens)
    i.mpu_get_lpf                            0x08003c24   Section        0  inv_mpu.o(i.mpu_get_lpf)
    i.mpu_get_sample_rate                    0x08003c74   Section        0  inv_mpu.o(i.mpu_get_sample_rate)
    i.mpu_init                               0x08003c94   Section        0  inv_mpu.o(i.mpu_init)
    i.mpu_load_firmware                      0x08003db4   Section        0  inv_mpu.o(i.mpu_load_firmware)
    i.mpu_lp_accel_mode                      0x08003e74   Section        0  inv_mpu.o(i.mpu_lp_accel_mode)
    i.mpu_read_fifo_stream                   0x08003f90   Section        0  inv_mpu.o(i.mpu_read_fifo_stream)
    i.mpu_read_mem                           0x08004050   Section        0  inv_mpu.o(i.mpu_read_mem)
    i.mpu_reset_fifo                         0x080040d0   Section        0  inv_mpu.o(i.mpu_reset_fifo)
    i.mpu_run_6500_self_test                 0x08004298   Section        0  inv_mpu.o(i.mpu_run_6500_self_test)
    i.mpu_set_accel_fsr                      0x080043f0   Section        0  inv_mpu.o(i.mpu_set_accel_fsr)
    i.mpu_set_bypass                         0x08004474   Section        0  inv_mpu.o(i.mpu_set_bypass)
    i.mpu_set_dmp_state                      0x080045c0   Section        0  inv_mpu.o(i.mpu_set_dmp_state)
    i.mpu_set_gyro_fsr                       0x08004650   Section        0  inv_mpu.o(i.mpu_set_gyro_fsr)
    i.mpu_set_int_latched                    0x080046d8   Section        0  inv_mpu.o(i.mpu_set_int_latched)
    i.mpu_set_lpf                            0x08004744   Section        0  inv_mpu.o(i.mpu_set_lpf)
    i.mpu_set_sample_rate                    0x080047c8   Section        0  inv_mpu.o(i.mpu_set_sample_rate)
    i.mpu_set_sensors                        0x08004864   Section        0  inv_mpu.o(i.mpu_set_sensors)
    i.mpu_write_mem                          0x08004934   Section        0  inv_mpu.o(i.mpu_write_mem)
    i.my_delay_ms                            0x080049b4   Section        0  inv_mpu.o(i.my_delay_ms)
    i.periphClockInit                        0x080049b6   Section        0  cpu.o(i.periphClockInit)
    periphClockInit                          0x080049b7   Thumb Code    76  cpu.o(i.periphClockInit)
    i.run_self_test                          0x08004a04   Section        0  mpu6500.o(i.run_self_test)
    run_self_test                            0x08004a05   Thumb Code   168  mpu6500.o(i.run_self_test)
    i.set_int_enable                         0x08004ab4   Section        0  inv_mpu.o(i.set_int_enable)
    set_int_enable                           0x08004ab5   Thumb Code   138  inv_mpu.o(i.set_int_enable)
    i.sqrt                                   0x08004b44   Section        0  sqrt.o(i.sqrt)
    i.tim6Init                               0x08004bb4   Section        0  cpu.o(i.tim6Init)
    tim6Init                                 0x08004bb5   Thumb Code    82  cpu.o(i.tim6Init)
    i.tim7Init                               0x08004c0c   Section        0  cpu.o(i.tim7Init)
    tim7Init                                 0x08004c0d   Thumb Code    82  cpu.o(i.tim7Init)
    x$fpl$basic                              0x08004c64   Section       24  basic.o(x$fpl$basic)
    $v0                                      0x08004c64   Number         0  basic.o(x$fpl$basic)
    x$fpl$d2f                                0x08004c7c   Section       98  d2f.o(x$fpl$d2f)
    $v0                                      0x08004c7c   Number         0  d2f.o(x$fpl$d2f)
    x$fpl$dadd                               0x08004ce0   Section      336  daddsub_clz.o(x$fpl$dadd)
    $v0                                      0x08004ce0   Number         0  daddsub_clz.o(x$fpl$dadd)
    _dadd1                                   0x08004cf1   Thumb Code     0  daddsub_clz.o(x$fpl$dadd)
    x$fpl$dcmpinf                            0x08004e30   Section       24  dcmpi.o(x$fpl$dcmpinf)
    $v0                                      0x08004e30   Number         0  dcmpi.o(x$fpl$dcmpinf)
    x$fpl$ddiv                               0x08004e48   Section      688  ddiv.o(x$fpl$ddiv)
    $v0                                      0x08004e48   Number         0  ddiv.o(x$fpl$ddiv)
    ddiv_entry                               0x08004e4f   Thumb Code     0  ddiv.o(x$fpl$ddiv)
    x$fpl$deqf                               0x080050f8   Section      120  deqf.o(x$fpl$deqf)
    $v0                                      0x080050f8   Number         0  deqf.o(x$fpl$deqf)
    x$fpl$dmul                               0x08005170   Section      340  dmul.o(x$fpl$dmul)
    $v0                                      0x08005170   Number         0  dmul.o(x$fpl$dmul)
    x$fpl$dnaninf                            0x080052c4   Section      156  dnaninf.o(x$fpl$dnaninf)
    $v0                                      0x080052c4   Number         0  dnaninf.o(x$fpl$dnaninf)
    x$fpl$dretinf                            0x08005360   Section       12  dretinf.o(x$fpl$dretinf)
    $v0                                      0x08005360   Number         0  dretinf.o(x$fpl$dretinf)
    x$fpl$drsb                               0x0800536c   Section       22  daddsub_clz.o(x$fpl$drsb)
    $v0                                      0x0800536c   Number         0  daddsub_clz.o(x$fpl$drsb)
    x$fpl$dsqrt                              0x08005384   Section      408  dsqrt_umaal.o(x$fpl$dsqrt)
    $v0                                      0x08005384   Number         0  dsqrt_umaal.o(x$fpl$dsqrt)
    x$fpl$dsub                               0x0800551c   Section      468  daddsub_clz.o(x$fpl$dsub)
    $v0                                      0x0800551c   Number         0  daddsub_clz.o(x$fpl$dsub)
    _dsub1                                   0x0800552d   Thumb Code     0  daddsub_clz.o(x$fpl$dsub)
    x$fpl$f2d                                0x080056f0   Section       86  f2d.o(x$fpl$f2d)
    $v0                                      0x080056f0   Number         0  f2d.o(x$fpl$f2d)
    x$fpl$fnaninf                            0x08005746   Section      140  fnaninf.o(x$fpl$fnaninf)
    $v0                                      0x08005746   Number         0  fnaninf.o(x$fpl$fnaninf)
    x$fpl$fpinit                             0x080057d2   Section       10  fpinit.o(x$fpl$fpinit)
    $v0                                      0x080057d2   Number         0  fpinit.o(x$fpl$fpinit)
    x$fpl$fretinf                            0x080057dc   Section       10  fretinf.o(x$fpl$fretinf)
    $v0                                      0x080057dc   Number         0  fretinf.o(x$fpl$fretinf)
    x$fpl$usenofp                            0x080057e6   Section        0  usenofp.o(x$fpl$usenofp)
    .constdata                               0x080057e8   Section      604  inv_mpu.o(.constdata)
    mpu_6500_st_tb                           0x08005844   Data         512  inv_mpu.o(.constdata)
    .constdata                               0x08005a44   Section     3062  inv_mpu_dmp_motion_driver.o(.constdata)
    dmp_memory                               0x08005a44   Data        3062  inv_mpu_dmp_motion_driver.o(.constdata)
    .constdata                               0x08006640   Section       80  asin.o(.constdata)
    pS                                       0x08006640   Data          48  asin.o(.constdata)
    qS                                       0x08006670   Data          32  asin.o(.constdata)
    .constdata                               0x08006690   Section      152  atan.o(.constdata)
    atanhi                                   0x08006690   Data          32  atan.o(.constdata)
    atanlo                                   0x080066b0   Data          32  atan.o(.constdata)
    aTodd                                    0x080066d0   Data          40  atan.o(.constdata)
    aTeven                                   0x080066f8   Data          48  atan.o(.constdata)
    .constdata                               0x08006728   Section        8  qnan.o(.constdata)
    .data                                    0x20000000   Section      136  main.o(.data)
    Encoder_Err                              0x20000070   Data           4  main.o(.data)
    EnC_Err_Lowout                           0x20000074   Data           4  main.o(.data)
    EnC_Err_Lowout_last                      0x20000078   Data           4  main.o(.data)
    Encoder_S                                0x2000007c   Data           4  main.o(.data)
    PWM_out                                  0x20000080   Data           4  main.o(.data)
    last_error                               0x20000084   Data           4  main.o(.data)
    .data                                    0x20000088   Section       38  stm32f4xx_it.o(.data)
    cnt100000                                0x2000008c   Data           4  stm32f4xx_it.o(.data)
    cnt100                                   0x20000094   Data           2  stm32f4xx_it.o(.data)
    cnt10ms                                  0x200000a8   Data           2  stm32f4xx_it.o(.data)
    cnt50ms                                  0x200000aa   Data           2  stm32f4xx_it.o(.data)
    .data                                    0x200000b0   Section       44  inv_mpu.o(.data)
    st                                       0x200000b0   Data          44  inv_mpu.o(.data)
    .data                                    0x200000dc   Section        9  mpu6500.o(.data)
    gyro_orientation                         0x200000dc   Data           9  mpu6500.o(.data)
    .bss                                     0x200000e8   Section      108  main.o(.bss)
    .bss                                     0x20000154   Section       16  inv_mpu_dmp_motion_driver.o(.bss)
    dmp                                      0x20000154   Data          16  inv_mpu_dmp_motion_driver.o(.bss)
    .bss                                     0x20000164   Section       24  mpu6500.o(.bss)
    .bss                                     0x2000017c   Section       96  libspace.o(.bss)
    HEAP                                     0x200001e0   Section      512  startup_stm32f40_41xxx.o(HEAP)
    Heap_Mem                                 0x200001e0   Data         512  startup_stm32f40_41xxx.o(HEAP)
    STACK                                    0x200003e0   Section     1024  startup_stm32f40_41xxx.o(STACK)
    Stack_Mem                                0x200003e0   Data        1024  startup_stm32f40_41xxx.o(STACK)
    __initial_sp                             0x200007e0   Data           0  startup_stm32f40_41xxx.o(STACK)

    Global Symbols

    Symbol Name                              Value     Ov Type        Size  Object(Section)

    BuildAttributes$$THM_ISAv4$E$P$D$K$B$S$7EM$VFPi3$EXTD16$VFPS$VFMA$PE$A:L22UL41UL21$X:L11$S22US41US21$IEEE1$IW$USESV6$~STKCKD$USESV7$~SHL$OTIME$ROPI$IEEEX$EBA8$UX$STANDARDLIB$REQ8$PRES8$EABIv2 0x00000000   Number         0  anon$$obj.o ABSOLUTE
    __ARM_use_no_argv                        0x00000000   Number         0  main.o ABSOLUTE
    __ARM_exceptions_init                     - Undefined Weak Reference
    __alloca_initialize                       - Undefined Weak Reference
    __arm_fini_                               - Undefined Weak Reference
    __arm_preinit_                            - Undefined Weak Reference
    __cpp_initialize__aeabi_                  - Undefined Weak Reference
    __cxa_finalize                            - Undefined Weak Reference
    __rt_locale                               - Undefined Weak Reference
    __sigvec_lookup                           - Undefined Weak Reference
    _atexit_init                              - Undefined Weak Reference
    _call_atexit_fns                          - Undefined Weak Reference
    _clock_init                               - Undefined Weak Reference
    _fp_trap_init                             - Undefined Weak Reference
    _fp_trap_shutdown                         - Undefined Weak Reference
    _get_lc_collate                           - Undefined Weak Reference
    _get_lc_ctype                             - Undefined Weak Reference
    _get_lc_monetary                          - Undefined Weak Reference
    _get_lc_numeric                           - Undefined Weak Reference
    _get_lc_time                              - Undefined Weak Reference
    _getenv_init                              - Undefined Weak Reference
    _handle_redirection                       - Undefined Weak Reference
    _init_alloc                               - Undefined Weak Reference
    _init_user_alloc                          - Undefined Weak Reference
    _initio                                   - Undefined Weak Reference
    _rand_init                                - Undefined Weak Reference
    _signal_finish                            - Undefined Weak Reference
    _signal_init                              - Undefined Weak Reference
    _terminate_alloc                          - Undefined Weak Reference
    _terminate_user_alloc                     - Undefined Weak Reference
    _terminateio                              - Undefined Weak Reference
    __Vectors_Size                           0x00000188   Number         0  startup_stm32f40_41xxx.o ABSOLUTE
    __Vectors                                0x08000000   Data           4  startup_stm32f40_41xxx.o(RESET)
    __Vectors_End                            0x08000188   Data           0  startup_stm32f40_41xxx.o(RESET)
    __main                                   0x08000189   Thumb Code     8  __main.o(!!!main)
    __scatterload                            0x08000191   Thumb Code     0  __scatter.o(!!!scatter)
    __scatterload_rt2                        0x08000191   Thumb Code    44  __scatter.o(!!!scatter)
    __scatterload_rt2_thumb_only             0x08000191   Thumb Code     0  __scatter.o(!!!scatter)
    __scatterload_null                       0x0800019f   Thumb Code     0  __scatter.o(!!!scatter)
    __scatterload_copy                       0x080001c5   Thumb Code    26  __scatter_copy.o(!!handler_copy)
    __scatterload_zeroinit                   0x080001e1   Thumb Code    28  __scatter_zi.o(!!handler_zi)
    __rt_lib_init                            0x080001fd   Thumb Code     0  libinit.o(.ARM.Collect$$libinit$$00000000)
    __rt_lib_init_fp_1                       0x080001ff   Thumb Code     0  libinit2.o(.ARM.Collect$$libinit$$00000001)
    __rt_lib_init_alloca_1                   0x08000203   Thumb Code     0  libinit2.o(.ARM.Collect$$libinit$$0000002E)
    __rt_lib_init_argv_1                     0x08000203   Thumb Code     0  libinit2.o(.ARM.Collect$$libinit$$0000002C)
    __rt_lib_init_atexit_1                   0x08000203   Thumb Code     0  libinit2.o(.ARM.Collect$$libinit$$0000001B)
    __rt_lib_init_clock_1                    0x08000203   Thumb Code     0  libinit2.o(.ARM.Collect$$libinit$$00000021)
    __rt_lib_init_cpp_1                      0x08000203   Thumb Code     0  libinit2.o(.ARM.Collect$$libinit$$00000032)
    __rt_lib_init_exceptions_1               0x08000203   Thumb Code     0  libinit2.o(.ARM.Collect$$libinit$$00000030)
    __rt_lib_init_fp_trap_1                  0x08000203   Thumb Code     0  libinit2.o(.ARM.Collect$$libinit$$0000001F)
    __rt_lib_init_getenv_1                   0x08000203   Thumb Code     0  libinit2.o(.ARM.Collect$$libinit$$00000023)
    __rt_lib_init_heap_1                     0x08000203   Thumb Code     0  libinit2.o(.ARM.Collect$$libinit$$0000000A)
    __rt_lib_init_lc_collate_1               0x08000203   Thumb Code     0  libinit2.o(.ARM.Collect$$libinit$$00000011)
    __rt_lib_init_lc_ctype_1                 0x08000203   Thumb Code     0  libinit2.o(.ARM.Collect$$libinit$$00000013)
    __rt_lib_init_lc_monetary_1              0x08000203   Thumb Code     0  libinit2.o(.ARM.Collect$$libinit$$00000015)
    __rt_lib_init_lc_numeric_1               0x08000203   Thumb Code     0  libinit2.o(.ARM.Collect$$libinit$$00000017)
    __rt_lib_init_lc_time_1                  0x08000203   Thumb Code     0  libinit2.o(.ARM.Collect$$libinit$$00000019)
    __rt_lib_init_preinit_1                  0x08000203   Thumb Code     0  libinit2.o(.ARM.Collect$$libinit$$00000004)
    __rt_lib_init_rand_1                     0x08000203   Thumb Code     0  libinit2.o(.ARM.Collect$$libinit$$0000000E)
    __rt_lib_init_return                     0x08000203   Thumb Code     0  libinit2.o(.ARM.Collect$$libinit$$00000033)
    __rt_lib_init_signal_1                   0x08000203   Thumb Code     0  libinit2.o(.ARM.Collect$$libinit$$0000001D)
    __rt_lib_init_stdio_1                    0x08000203   Thumb Code     0  libinit2.o(.ARM.Collect$$libinit$$00000025)
    __rt_lib_init_user_alloc_1               0x08000203   Thumb Code     0  libinit2.o(.ARM.Collect$$libinit$$0000000C)
    __rt_lib_shutdown                        0x08000205   Thumb Code     0  libshutdown.o(.ARM.Collect$$libshutdown$$00000000)
    __rt_lib_shutdown_cpp_1                  0x08000207   Thumb Code     0  libshutdown2.o(.ARM.Collect$$libshutdown$$00000004)
    __rt_lib_shutdown_fini_1                 0x08000207   Thumb Code     0  libshutdown2.o(.ARM.Collect$$libshutdown$$00000002)
    __rt_lib_shutdown_fp_trap_1              0x08000207   Thumb Code     0  libshutdown2.o(.ARM.Collect$$libshutdown$$00000009)
    __rt_lib_shutdown_heap_1                 0x08000207   Thumb Code     0  libshutdown2.o(.ARM.Collect$$libshutdown$$00000011)
    __rt_lib_shutdown_return                 0x08000207   Thumb Code     0  libshutdown2.o(.ARM.Collect$$libshutdown$$00000012)
    __rt_lib_shutdown_signal_1               0x08000207   Thumb Code     0  libshutdown2.o(.ARM.Collect$$libshutdown$$0000000C)
    __rt_lib_shutdown_stdio_1                0x08000207   Thumb Code     0  libshutdown2.o(.ARM.Collect$$libshutdown$$00000006)
    __rt_lib_shutdown_user_alloc_1           0x08000207   Thumb Code     0  libshutdown2.o(.ARM.Collect$$libshutdown$$0000000E)
    __rt_entry                               0x08000209   Thumb Code     0  __rtentry.o(.ARM.Collect$$rtentry$$00000000)
    __rt_entry_presh_1                       0x08000209   Thumb Code     0  __rtentry2.o(.ARM.Collect$$rtentry$$00000002)
    __rt_entry_sh                            0x08000209   Thumb Code     0  __rtentry4.o(.ARM.Collect$$rtentry$$00000004)
    __rt_entry_li                            0x0800020f   Thumb Code     0  __rtentry2.o(.ARM.Collect$$rtentry$$0000000A)
    __rt_entry_postsh_1                      0x0800020f   Thumb Code     0  __rtentry2.o(.ARM.Collect$$rtentry$$00000009)
    __rt_entry_main                          0x08000213   Thumb Code     0  __rtentry2.o(.ARM.Collect$$rtentry$$0000000D)
    __rt_entry_postli_1                      0x08000213   Thumb Code     0  __rtentry2.o(.ARM.Collect$$rtentry$$0000000C)
    __rt_exit                                0x0800021b   Thumb Code     0  rtexit.o(.ARM.Collect$$rtexit$$00000000)
    __rt_exit_ls                             0x0800021d   Thumb Code     0  rtexit2.o(.ARM.Collect$$rtexit$$00000003)
    __rt_exit_prels_1                        0x0800021d   Thumb Code     0  rtexit2.o(.ARM.Collect$$rtexit$$00000002)
    __rt_exit_exit                           0x08000221   Thumb Code     0  rtexit2.o(.ARM.Collect$$rtexit$$00000004)
    Reset_Handler                            0x08000229   Thumb Code     8  startup_stm32f40_41xxx.o(.text)
    ADC_IRQHandler                           0x08000243   Thumb Code     0  startup_stm32f40_41xxx.o(.text)
    CAN1_RX0_IRQHandler                      0x08000243   Thumb Code     0  startup_stm32f40_41xxx.o(.text)
    CAN1_RX1_IRQHandler                      0x08000243   Thumb Code     0  startup_stm32f40_41xxx.o(.text)
    CAN1_SCE_IRQHandler                      0x08000243   Thumb Code     0  startup_stm32f40_41xxx.o(.text)
    CAN1_TX_IRQHandler                       0x08000243   Thumb Code     0  startup_stm32f40_41xxx.o(.text)
    CAN2_RX0_IRQHandler                      0x08000243   Thumb Code     0  startup_stm32f40_41xxx.o(.text)
    CAN2_RX1_IRQHandler                      0x08000243   Thumb Code     0  startup_stm32f40_41xxx.o(.text)
    CAN2_SCE_IRQHandler                      0x08000243   Thumb Code     0  startup_stm32f40_41xxx.o(.text)
    CAN2_TX_IRQHandler                       0x08000243   Thumb Code     0  startup_stm32f40_41xxx.o(.text)
    CRYP_IRQHandler                          0x08000243   Thumb Code     0  startup_stm32f40_41xxx.o(.text)
    DCMI_IRQHandler                          0x08000243   Thumb Code     0  startup_stm32f40_41xxx.o(.text)
    DMA1_Stream0_IRQHandler                  0x08000243   Thumb Code     0  startup_stm32f40_41xxx.o(.text)
    DMA1_Stream1_IRQHandler                  0x08000243   Thumb Code     0  startup_stm32f40_41xxx.o(.text)
    DMA1_Stream2_IRQHandler                  0x08000243   Thumb Code     0  startup_stm32f40_41xxx.o(.text)
    DMA1_Stream3_IRQHandler                  0x08000243   Thumb Code     0  startup_stm32f40_41xxx.o(.text)
    DMA1_Stream4_IRQHandler                  0x08000243   Thumb Code     0  startup_stm32f40_41xxx.o(.text)
    DMA1_Stream5_IRQHandler                  0x08000243   Thumb Code     0  startup_stm32f40_41xxx.o(.text)
    DMA1_Stream6_IRQHandler                  0x08000243   Thumb Code     0  startup_stm32f40_41xxx.o(.text)
    DMA1_Stream7_IRQHandler                  0x08000243   Thumb Code     0  startup_stm32f40_41xxx.o(.text)
    DMA2_Stream0_IRQHandler                  0x08000243   Thumb Code     0  startup_stm32f40_41xxx.o(.text)
    DMA2_Stream1_IRQHandler                  0x08000243   Thumb Code     0  startup_stm32f40_41xxx.o(.text)
    DMA2_Stream2_IRQHandler                  0x08000243   Thumb Code     0  startup_stm32f40_41xxx.o(.text)
    DMA2_Stream3_IRQHandler                  0x08000243   Thumb Code     0  startup_stm32f40_41xxx.o(.text)
    DMA2_Stream4_IRQHandler                  0x08000243   Thumb Code     0  startup_stm32f40_41xxx.o(.text)
    DMA2_Stream5_IRQHandler                  0x08000243   Thumb Code     0  startup_stm32f40_41xxx.o(.text)
    DMA2_Stream6_IRQHandler                  0x08000243   Thumb Code     0  startup_stm32f40_41xxx.o(.text)
    DMA2_Stream7_IRQHandler                  0x08000243   Thumb Code     0  startup_stm32f40_41xxx.o(.text)
    ETH_IRQHandler                           0x08000243   Thumb Code     0  startup_stm32f40_41xxx.o(.text)
    ETH_WKUP_IRQHandler                      0x08000243   Thumb Code     0  startup_stm32f40_41xxx.o(.text)
    EXTI0_IRQHandler                         0x08000243   Thumb Code     0  startup_stm32f40_41xxx.o(.text)
    EXTI15_10_IRQHandler                     0x08000243   Thumb Code     0  startup_stm32f40_41xxx.o(.text)
    EXTI1_IRQHandler                         0x08000243   Thumb Code     0  startup_stm32f40_41xxx.o(.text)
    EXTI2_IRQHandler                         0x08000243   Thumb Code     0  startup_stm32f40_41xxx.o(.text)
    EXTI3_IRQHandler                         0x08000243   Thumb Code     0  startup_stm32f40_41xxx.o(.text)
    EXTI4_IRQHandler                         0x08000243   Thumb Code     0  startup_stm32f40_41xxx.o(.text)
    EXTI9_5_IRQHandler                       0x08000243   Thumb Code     0  startup_stm32f40_41xxx.o(.text)
    FLASH_IRQHandler                         0x08000243   Thumb Code     0  startup_stm32f40_41xxx.o(.text)
    FPU_IRQHandler                           0x08000243   Thumb Code     0  startup_stm32f40_41xxx.o(.text)
    FSMC_IRQHandler                          0x08000243   Thumb Code     0  startup_stm32f40_41xxx.o(.text)
    HASH_RNG_IRQHandler                      0x08000243   Thumb Code     0  startup_stm32f40_41xxx.o(.text)
    I2C1_ER_IRQHandler                       0x08000243   Thumb Code     0  startup_stm32f40_41xxx.o(.text)
    I2C1_EV_IRQHandler                       0x08000243   Thumb Code     0  startup_stm32f40_41xxx.o(.text)
    I2C2_ER_IRQHandler                       0x08000243   Thumb Code     0  startup_stm32f40_41xxx.o(.text)
    I2C2_EV_IRQHandler                       0x08000243   Thumb Code     0  startup_stm32f40_41xxx.o(.text)
    I2C3_ER_IRQHandler                       0x08000243   Thumb Code     0  startup_stm32f40_41xxx.o(.text)
    I2C3_EV_IRQHandler                       0x08000243   Thumb Code     0  startup_stm32f40_41xxx.o(.text)
    OTG_FS_IRQHandler                        0x08000243   Thumb Code     0  startup_stm32f40_41xxx.o(.text)
    OTG_FS_WKUP_IRQHandler                   0x08000243   Thumb Code     0  startup_stm32f40_41xxx.o(.text)
    OTG_HS_EP1_IN_IRQHandler                 0x08000243   Thumb Code     0  startup_stm32f40_41xxx.o(.text)
    OTG_HS_EP1_OUT_IRQHandler                0x08000243   Thumb Code     0  startup_stm32f40_41xxx.o(.text)
    OTG_HS_IRQHandler                        0x08000243   Thumb Code     0  startup_stm32f40_41xxx.o(.text)
    OTG_HS_WKUP_IRQHandler                   0x08000243   Thumb Code     0  startup_stm32f40_41xxx.o(.text)
    PVD_IRQHandler                           0x08000243   Thumb Code     0  startup_stm32f40_41xxx.o(.text)
    RCC_IRQHandler                           0x08000243   Thumb Code     0  startup_stm32f40_41xxx.o(.text)
    RTC_Alarm_IRQHandler                     0x08000243   Thumb Code     0  startup_stm32f40_41xxx.o(.text)
    RTC_WKUP_IRQHandler                      0x08000243   Thumb Code     0  startup_stm32f40_41xxx.o(.text)
    SDIO_IRQHandler                          0x08000243   Thumb Code     0  startup_stm32f40_41xxx.o(.text)
    SPI1_IRQHandler                          0x08000243   Thumb Code     0  startup_stm32f40_41xxx.o(.text)
    SPI2_IRQHandler                          0x08000243   Thumb Code     0  startup_stm32f40_41xxx.o(.text)
    SPI3_IRQHandler                          0x08000243   Thumb Code     0  startup_stm32f40_41xxx.o(.text)
    TAMP_STAMP_IRQHandler                    0x08000243   Thumb Code     0  startup_stm32f40_41xxx.o(.text)
    TIM1_BRK_TIM9_IRQHandler                 0x08000243   Thumb Code     0  startup_stm32f40_41xxx.o(.text)
    TIM1_CC_IRQHandler                       0x08000243   Thumb Code     0  startup_stm32f40_41xxx.o(.text)
    TIM1_TRG_COM_TIM11_IRQHandler            0x08000243   Thumb Code     0  startup_stm32f40_41xxx.o(.text)
    TIM2_IRQHandler                          0x08000243   Thumb Code     0  startup_stm32f40_41xxx.o(.text)
    TIM3_IRQHandler                          0x08000243   Thumb Code     0  startup_stm32f40_41xxx.o(.text)
    TIM4_IRQHandler                          0x08000243   Thumb Code     0  startup_stm32f40_41xxx.o(.text)
    TIM8_BRK_TIM12_IRQHandler                0x08000243   Thumb Code     0  startup_stm32f40_41xxx.o(.text)
    TIM8_CC_IRQHandler                       0x08000243   Thumb Code     0  startup_stm32f40_41xxx.o(.text)
    TIM8_TRG_COM_TIM14_IRQHandler            0x08000243   Thumb Code     0  startup_stm32f40_41xxx.o(.text)
    TIM8_UP_TIM13_IRQHandler                 0x08000243   Thumb Code     0  startup_stm32f40_41xxx.o(.text)
    UART4_IRQHandler                         0x08000243   Thumb Code     0  startup_stm32f40_41xxx.o(.text)
    UART5_IRQHandler                         0x08000243   Thumb Code     0  startup_stm32f40_41xxx.o(.text)
    USART1_IRQHandler                        0x08000243   Thumb Code     0  startup_stm32f40_41xxx.o(.text)
    USART2_IRQHandler                        0x08000243   Thumb Code     0  startup_stm32f40_41xxx.o(.text)
    USART3_IRQHandler                        0x08000243   Thumb Code     0  startup_stm32f40_41xxx.o(.text)
    USART6_IRQHandler                        0x08000243   Thumb Code     0  startup_stm32f40_41xxx.o(.text)
    WWDG_IRQHandler                          0x08000243   Thumb Code     0  startup_stm32f40_41xxx.o(.text)
    __user_initial_stackheap                 0x08000245   Thumb Code     0  startup_stm32f40_41xxx.o(.text)
    __aeabi_ldivmod                          0x08000269   Thumb Code     0  llsdiv.o(.text)
    _ll_sdiv                                 0x08000269   Thumb Code    72  llsdiv.o(.text)
    memcmp                                   0x080002b1   Thumb Code    88  memcmp.o(.text)
    __aeabi_memset                           0x08000309   Thumb Code    16  aeabi_memset.o(.text)
    __use_two_region_memory                  0x08000319   Thumb Code     2  heapauxi.o(.text)
    __rt_heap_escrow$2region                 0x0800031b   Thumb Code     2  heapauxi.o(.text)
    __rt_heap_expand$2region                 0x0800031d   Thumb Code     2  heapauxi.o(.text)
    __aeabi_uldivmod                         0x0800031f   Thumb Code     0  lludivv7m.o(.text)
    _ll_udiv                                 0x0800031f   Thumb Code   238  lludivv7m.o(.text)
    __read_errno                             0x0800040d   Thumb Code    10  _rserrno.o(.text)
    __set_errno                              0x08000417   Thumb Code    12  _rserrno.o(.text)
    __aeabi_memclr                           0x08000423   Thumb Code     0  rt_memclr.o(.text)
    __rt_memclr                              0x08000423   Thumb Code    68  rt_memclr.o(.text)
    _memset                                  0x08000427   Thumb Code     0  rt_memclr.o(.text)
    __aeabi_errno_addr                       0x08000469   Thumb Code     8  rt_errno_addr_intlibspace.o(.text)
    __errno$intlibspace                      0x08000469   Thumb Code     0  rt_errno_addr_intlibspace.o(.text)
    __rt_errno_addr$intlibspace              0x08000469   Thumb Code     0  rt_errno_addr_intlibspace.o(.text)
    __aeabi_memclr4                          0x08000471   Thumb Code     0  rt_memclr_w.o(.text)
    __aeabi_memclr8                          0x08000471   Thumb Code     0  rt_memclr_w.o(.text)
    __rt_memclr_w                            0x08000471   Thumb Code    78  rt_memclr_w.o(.text)
    _memset_w                                0x08000475   Thumb Code     0  rt_memclr_w.o(.text)
    __user_libspace                          0x080004c1   Thumb Code     8  libspace.o(.text)
    __user_perproc_libspace                  0x080004c1   Thumb Code     0  libspace.o(.text)
    __user_perthread_libspace                0x080004c1   Thumb Code     0  libspace.o(.text)
    __user_setup_stackheap                   0x080004c9   Thumb Code    74  sys_stackheap_outer.o(.text)
    exit                                     0x08000513   Thumb Code    18  exit.o(.text)
    _sys_exit                                0x08000525   Thumb Code     8  sys_exit.o(.text)
    __I$use$semihosting                      0x08000531   Thumb Code     0  use_no_semi.o(.text)
    __use_no_semihosting_swi                 0x08000531   Thumb Code     2  use_no_semi.o(.text)
    BusFault_Handler                         0x08000533   Thumb Code     4  stm32f4xx_it.o(i.BusFault_Handler)
    __semihosting_library_function           0x08000533   Thumb Code     0  indicate_semi.o(.text)
    Calculate_Speed_RPM                      0x08000539   Thumb Code   100  main.o(i.Calculate_Speed_RPM)
    Calculate_Speed_RPM1                     0x080005b1   Thumb Code   100  main.o(i.Calculate_Speed_RPM1)
    DebugMon_Handler                         0x08000629   Thumb Code     2  stm32f4xx_it.o(i.DebugMon_Handler)
    Encoder_Get_Count                        0x08000645   Thumb Code     8  main.o(i.Encoder_Get_Count)
    Encoder_Get_Count1                       0x08000651   Thumb Code     8  main.o(i.Encoder_Get_Count1)
    GPIO_Init                                0x0800065d   Thumb Code   144  stm32f4xx_gpio.o(i.GPIO_Init)
    GPIO_PinAFConfig                         0x080006ed   Thumb Code    70  stm32f4xx_gpio.o(i.GPIO_PinAFConfig)
    GPIO_ReadInputDataBit                    0x08000733   Thumb Code    18  stm32f4xx_gpio.o(i.GPIO_ReadInputDataBit)
    GPIO_ResetBits                           0x08000745   Thumb Code     4  stm32f4xx_gpio.o(i.GPIO_ResetBits)
    GPIO_SetBits                             0x08000749   Thumb Code     4  stm32f4xx_gpio.o(i.GPIO_SetBits)
    HardFault_Handler                        0x0800074d   Thumb Code     4  stm32f4xx_it.o(i.HardFault_Handler)
    Kalman_Init                              0x08000751   Thumb Code    62  main.o(i.Kalman_Init)
    MPU6050ReadID                            0x08000795   Thumb Code    32  cpu.o(i.MPU6050ReadID)
    MPU6050_DMP_Get_Date                     0x080007b5   Thumb Code   516  mpu6500.o(i.MPU6050_DMP_Get_Date)
    MPU6050_DMP_init                         0x080009c9   Thumb Code   170  mpu6500.o(i.MPU6050_DMP_init)
    MemManage_Handler                        0x08000a79   Thumb Code     4  stm32f4xx_it.o(i.MemManage_Handler)
    NMI_Handler                              0x08000a7d   Thumb Code     2  stm32f4xx_it.o(i.NMI_Handler)
    NVIC_Init                                0x08000a81   Thumb Code   106  misc.o(i.NVIC_Init)
    NVIC_PriorityGroupConfig                 0x08000af9   Thumb Code    10  misc.o(i.NVIC_PriorityGroupConfig)
    PendSV_Handler                           0x08000b0d   Thumb Code     2  stm32f4xx_it.o(i.PendSV_Handler)
    RCC_AHB1PeriphClockCmd                   0x08000b11   Thumb Code    26  stm32f4xx_rcc.o(i.RCC_AHB1PeriphClockCmd)
    RCC_APB1PeriphClockCmd                   0x08000b31   Thumb Code    26  stm32f4xx_rcc.o(i.RCC_APB1PeriphClockCmd)
    RCC_APB2PeriphClockCmd                   0x08000b51   Thumb Code    26  stm32f4xx_rcc.o(i.RCC_APB2PeriphClockCmd)
    SVC_Handler                              0x08000b71   Thumb Code     2  stm32f4xx_it.o(i.SVC_Handler)
    Sensor_Read_DMP                          0x08000b73   Thumb Code   114  cpu.o(i.Sensor_Read_DMP)
    Sensor_write_DMP                         0x08000be5   Thumb Code    96  cpu.o(i.Sensor_write_DMP)
    SysTick_Handler                          0x08000d31   Thumb Code     2  stm32f4xx_it.o(i.SysTick_Handler)
    SystemInit                               0x08000d35   Thumb Code    88  system_stm32f4xx.o(i.SystemInit)
    TIM1_UP_TIM10_IRQHandler                 0x08000ec1   Thumb Code    54  stm32f4xx_it.o(i.TIM1_UP_TIM10_IRQHandler)
    TIM5_IRQHandler                          0x08000f01   Thumb Code    54  stm32f4xx_it.o(i.TIM5_IRQHandler)
    TIM6_DAC_IRQHandler                      0x08000f41   Thumb Code    78  stm32f4xx_it.o(i.TIM6_DAC_IRQHandler)
    TIM7_IRQHandler                          0x08000fa5   Thumb Code   166  stm32f4xx_it.o(i.TIM7_IRQHandler)
    TIM_ARRPreloadConfig                     0x08001075   Thumb Code    24  stm32f4xx_tim.o(i.TIM_ARRPreloadConfig)
    TIM_ClearITPendingBit                    0x0800108d   Thumb Code     6  stm32f4xx_tim.o(i.TIM_ClearITPendingBit)
    TIM_Cmd                                  0x08001093   Thumb Code    24  stm32f4xx_tim.o(i.TIM_Cmd)
    TIM_CtrlPWMOutputs                       0x080010ab   Thumb Code    30  stm32f4xx_tim.o(i.TIM_CtrlPWMOutputs)
    TIM_EncoderInterfaceConfig               0x080010c9   Thumb Code    66  stm32f4xx_tim.o(i.TIM_EncoderInterfaceConfig)
    TIM_GetITStatus                          0x0800110b   Thumb Code    34  stm32f4xx_tim.o(i.TIM_GetITStatus)
    TIM_ICInit                               0x0800112d   Thumb Code   110  stm32f4xx_tim.o(i.TIM_ICInit)
    TIM_ITConfig                             0x0800119b   Thumb Code    18  stm32f4xx_tim.o(i.TIM_ITConfig)
    TIM_OC1Init                              0x080011ad   Thumb Code   114  stm32f4xx_tim.o(i.TIM_OC1Init)
    TIM_OC1PreloadConfig                     0x08001229   Thumb Code    18  stm32f4xx_tim.o(i.TIM_OC1PreloadConfig)
    TIM_OC2Init                              0x0800123d   Thumb Code   154  stm32f4xx_tim.o(i.TIM_OC2Init)
    TIM_OC2PreloadConfig                     0x080012e1   Thumb Code    26  stm32f4xx_tim.o(i.TIM_OC2PreloadConfig)
    TIM_SetIC1Prescaler                      0x080012fb   Thumb Code    18  stm32f4xx_tim.o(i.TIM_SetIC1Prescaler)
    TIM_SetIC2Prescaler                      0x0800130d   Thumb Code    26  stm32f4xx_tim.o(i.TIM_SetIC2Prescaler)
    TIM_SetIC3Prescaler                      0x08001327   Thumb Code    18  stm32f4xx_tim.o(i.TIM_SetIC3Prescaler)
    TIM_SetIC4Prescaler                      0x08001339   Thumb Code    26  stm32f4xx_tim.o(i.TIM_SetIC4Prescaler)
    TIM_TimeBaseInit                         0x08001355   Thumb Code   104  stm32f4xx_tim.o(i.TIM_TimeBaseInit)
    UsageFault_Handler                       0x080013d9   Thumb Code     4  stm32f4xx_it.o(i.UsageFault_Handler)
    __ARM_fpclassify                         0x080013dd   Thumb Code    48  fpclassify.o(i.__ARM_fpclassify)
    __hardfp_asin                            0x08001411   Thumb Code   770  asin.o(i.__hardfp_asin)
    __hardfp_atan                            0x08001771   Thumb Code   622  atan.o(i.__hardfp_atan)
    __hardfp_atan2                           0x08001a49   Thumb Code   448  atan2.o(i.__hardfp_atan2)
    __kernel_poly                            0x08001c49   Thumb Code   248  poly.o(i.__kernel_poly)
    __mathlib_dbl_infnan                     0x08001d41   Thumb Code    20  dunder.o(i.__mathlib_dbl_infnan)
    __mathlib_dbl_infnan2                    0x08001d55   Thumb Code    20  dunder.o(i.__mathlib_dbl_infnan2)
    __mathlib_dbl_invalid                    0x08001d69   Thumb Code    24  dunder.o(i.__mathlib_dbl_invalid)
    __mathlib_dbl_underflow                  0x08001d89   Thumb Code    24  dunder.o(i.__mathlib_dbl_underflow)
    atan                                     0x08001fed   Thumb Code    16  atan.o(i.atan)
    cpuInit                                  0x08001ffd   Thumb Code    60  cpu.o(i.cpuInit)
    delayMs                                  0x080020a1   Thumb Code    16  cpu.o(i.delayMs)
    delayUs                                  0x080020b5   Thumb Code    16  cpu.o(i.delayUs)
    dmp_enable_6x_lp_quat                    0x080020c9   Thumb Code    60  inv_mpu_dmp_motion_driver.o(i.dmp_enable_6x_lp_quat)
    dmp_enable_feature                       0x08002105   Thumb Code   530  inv_mpu_dmp_motion_driver.o(i.dmp_enable_feature)
    dmp_enable_gyro_cal                      0x08002321   Thumb Code    62  inv_mpu_dmp_motion_driver.o(i.dmp_enable_gyro_cal)
    dmp_enable_lp_quat                       0x08002379   Thumb Code    60  inv_mpu_dmp_motion_driver.o(i.dmp_enable_lp_quat)
    dmp_load_motion_driver_firmware          0x080023b5   Thumb Code    20  inv_mpu_dmp_motion_driver.o(i.dmp_load_motion_driver_firmware)
    dmp_read_fifo                            0x080023cd   Thumb Code   456  inv_mpu_dmp_motion_driver.o(i.dmp_read_fifo)
    dmp_set_accel_bias                       0x08002599   Thumb Code   302  inv_mpu_dmp_motion_driver.o(i.dmp_set_accel_bias)
    dmp_set_fifo_rate                        0x080026cd   Thumb Code    96  inv_mpu_dmp_motion_driver.o(i.dmp_set_fifo_rate)
    dmp_set_gyro_bias                        0x0800273d   Thumb Code   294  inv_mpu_dmp_motion_driver.o(i.dmp_set_gyro_bias)
    dmp_set_orientation                      0x0800286d   Thumb Code   290  inv_mpu_dmp_motion_driver.o(i.dmp_set_orientation)
    dmp_set_shake_reject_thresh              0x080029a5   Thumb Code    56  inv_mpu_dmp_motion_driver.o(i.dmp_set_shake_reject_thresh)
    dmp_set_shake_reject_time                0x080029dd   Thumb Code    38  inv_mpu_dmp_motion_driver.o(i.dmp_set_shake_reject_time)
    dmp_set_shake_reject_timeout             0x08002a03   Thumb Code    38  inv_mpu_dmp_motion_driver.o(i.dmp_set_shake_reject_timeout)
    dmp_set_tap_axes                         0x08002a29   Thumb Code    70  inv_mpu_dmp_motion_driver.o(i.dmp_set_tap_axes)
    dmp_set_tap_count                        0x08002a6f   Thumb Code    38  inv_mpu_dmp_motion_driver.o(i.dmp_set_tap_count)
    dmp_set_tap_thresh                       0x08002a95   Thumb Code   412  inv_mpu_dmp_motion_driver.o(i.dmp_set_tap_thresh)
    dmp_set_tap_time                         0x08002c55   Thumb Code    38  inv_mpu_dmp_motion_driver.o(i.dmp_set_tap_time)
    dmp_set_tap_time_multi                   0x08002c7b   Thumb Code    38  inv_mpu_dmp_motion_driver.o(i.dmp_set_tap_time_multi)
    fabs                                     0x08002d9d   Thumb Code    24  fabs.o(i.fabs)
    iicAck                                   0x0800361d   Thumb Code    58  cpu.o(i.iicAck)
    iicNAck                                  0x0800365d   Thumb Code    48  cpu.o(i.iicNAck)
    iicReadOneByte                           0x08003691   Thumb Code    68  cpu.o(i.iicReadOneByte)
    iicSendOneByte                           0x080036d9   Thumb Code   100  cpu.o(i.iicSendOneByte)
    iicStart                                 0x08003741   Thumb Code    58  cpu.o(i.iicStart)
    iicStop                                  0x08003781   Thumb Code    38  cpu.o(i.iicStop)
    iicWaitAck                               0x080037ad   Thumb Code    68  cpu.o(i.iicWaitAck)
    main                                     0x0800386d   Thumb Code    98  main.o(i.main)
    mpuRead                                  0x080039a7   Thumb Code   114  cpu.o(i.mpuRead)
    mpuWrite                                 0x08003a19   Thumb Code    72  cpu.o(i.mpuWrite)
    mpu_configure_fifo                       0x08003a61   Thumb Code   106  inv_mpu.o(i.mpu_configure_fifo)
    mpu_get_accel_fsr                        0x08003ad1   Thumb Code    72  inv_mpu.o(i.mpu_get_accel_fsr)
    mpu_get_accel_sens                       0x08003b1d   Thumb Code    78  inv_mpu.o(i.mpu_get_accel_sens)
    mpu_get_fifo_config                      0x08003b71   Thumb Code    12  inv_mpu.o(i.mpu_get_fifo_config)
    mpu_get_gyro_fsr                         0x08003b81   Thumb Code    64  inv_mpu.o(i.mpu_get_gyro_fsr)
    mpu_get_gyro_sens                        0x08003bc5   Thumb Code    74  inv_mpu.o(i.mpu_get_gyro_sens)
    mpu_get_lpf                              0x08003c25   Thumb Code    74  inv_mpu.o(i.mpu_get_lpf)
    mpu_get_sample_rate                      0x08003c75   Thumb Code    26  inv_mpu.o(i.mpu_get_sample_rate)
    mpu_init                                 0x08003c95   Thumb Code   284  inv_mpu.o(i.mpu_init)
    mpu_load_firmware                        0x08003db5   Thumb Code   186  inv_mpu.o(i.mpu_load_firmware)
    mpu_lp_accel_mode                        0x08003e75   Thumb Code   280  inv_mpu.o(i.mpu_lp_accel_mode)
    mpu_read_fifo_stream                     0x08003f91   Thumb Code   186  inv_mpu.o(i.mpu_read_fifo_stream)
    mpu_read_mem                             0x08004051   Thumb Code   122  inv_mpu.o(i.mpu_read_mem)
    mpu_reset_fifo                           0x080040d1   Thumb Code   450  inv_mpu.o(i.mpu_reset_fifo)
    mpu_run_6500_self_test                   0x08004299   Thumb Code   338  inv_mpu.o(i.mpu_run_6500_self_test)
    mpu_set_accel_fsr                        0x080043f1   Thumb Code   126  inv_mpu.o(i.mpu_set_accel_fsr)
    mpu_set_bypass                           0x08004475   Thumb Code   328  inv_mpu.o(i.mpu_set_bypass)
    mpu_set_dmp_state                        0x080045c1   Thumb Code   138  inv_mpu.o(i.mpu_set_dmp_state)
    mpu_set_gyro_fsr                         0x08004651   Thumb Code   132  inv_mpu.o(i.mpu_set_gyro_fsr)
    mpu_set_int_latched                      0x080046d9   Thumb Code   102  inv_mpu.o(i.mpu_set_int_latched)
    mpu_set_lpf                              0x08004745   Thumb Code   126  inv_mpu.o(i.mpu_set_lpf)
    mpu_set_sample_rate                      0x080047c9   Thumb Code   152  inv_mpu.o(i.mpu_set_sample_rate)
    mpu_set_sensors                          0x08004865   Thumb Code   202  inv_mpu.o(i.mpu_set_sensors)
    mpu_write_mem                            0x08004935   Thumb Code   122  inv_mpu.o(i.mpu_write_mem)
    my_delay_ms                              0x080049b5   Thumb Code     2  inv_mpu.o(i.my_delay_ms)
    sqrt                                     0x08004b45   Thumb Code   110  sqrt.o(i.sqrt)
    __aeabi_dneg                             0x08004c65   Thumb Code     0  basic.o(x$fpl$basic)
    _dneg                                    0x08004c65   Thumb Code     6  basic.o(x$fpl$basic)
    __aeabi_fneg                             0x08004c6b   Thumb Code     0  basic.o(x$fpl$basic)
    _fneg                                    0x08004c6b   Thumb Code     6  basic.o(x$fpl$basic)
    _dabs                                    0x08004c71   Thumb Code     6  basic.o(x$fpl$basic)
    _fabs                                    0x08004c77   Thumb Code     6  basic.o(x$fpl$basic)
    __aeabi_d2f                              0x08004c7d   Thumb Code     0  d2f.o(x$fpl$d2f)
    _d2f                                     0x08004c7d   Thumb Code    98  d2f.o(x$fpl$d2f)
    __aeabi_dadd                             0x08004ce1   Thumb Code     0  daddsub_clz.o(x$fpl$dadd)
    _dadd                                    0x08004ce1   Thumb Code   332  daddsub_clz.o(x$fpl$dadd)
    __fpl_dcmp_Inf                           0x08004e31   Thumb Code    24  dcmpi.o(x$fpl$dcmpinf)
    __aeabi_ddiv                             0x08004e49   Thumb Code     0  ddiv.o(x$fpl$ddiv)
    _ddiv                                    0x08004e49   Thumb Code   552  ddiv.o(x$fpl$ddiv)
    __aeabi_cdcmpeq                          0x080050f9   Thumb Code     0  deqf.o(x$fpl$deqf)
    _dcmpeq                                  0x080050f9   Thumb Code   120  deqf.o(x$fpl$deqf)
    __aeabi_dmul                             0x08005171   Thumb Code     0  dmul.o(x$fpl$dmul)
    _dmul                                    0x08005171   Thumb Code   332  dmul.o(x$fpl$dmul)
    __fpl_dnaninf                            0x080052c5   Thumb Code   156  dnaninf.o(x$fpl$dnaninf)
    __fpl_dretinf                            0x08005361   Thumb Code    12  dretinf.o(x$fpl$dretinf)
    __aeabi_drsub                            0x0800536d   Thumb Code     0  daddsub_clz.o(x$fpl$drsb)
    _drsb                                    0x0800536d   Thumb Code    22  daddsub_clz.o(x$fpl$drsb)
    _dsqrt                                   0x08005385   Thumb Code   404  dsqrt_umaal.o(x$fpl$dsqrt)
    __aeabi_dsub                             0x0800551d   Thumb Code     0  daddsub_clz.o(x$fpl$dsub)
    _dsub                                    0x0800551d   Thumb Code   464  daddsub_clz.o(x$fpl$dsub)
    __aeabi_f2d                              0x080056f1   Thumb Code     0  f2d.o(x$fpl$f2d)
    _f2d                                     0x080056f1   Thumb Code    86  f2d.o(x$fpl$f2d)
    __fpl_fnaninf                            0x08005747   Thumb Code   140  fnaninf.o(x$fpl$fnaninf)
    _fp_init                                 0x080057d3   Thumb Code    10  fpinit.o(x$fpl$fpinit)
    __fplib_config_fpu_vfp                   0x080057db   Thumb Code     0  fpinit.o(x$fpl$fpinit)
    __fplib_config_pureend_doubles           0x080057db   Thumb Code     0  fpinit.o(x$fpl$fpinit)
    __fpl_fretinf                            0x080057dd   Thumb Code    10  fretinf.o(x$fpl$fretinf)
    __I$use$fp                               0x080057e6   Number         0  usenofp.o(x$fpl$usenofp)
    reg                                      0x080057e8   Data          30  inv_mpu.o(.constdata)
    hw                                       0x08005806   Data          12  inv_mpu.o(.constdata)
    test                                     0x08005814   Data          48  inv_mpu.o(.constdata)
    __mathlib_zero                           0x08006728   Data           8  qnan.o(.constdata)
    Region$$Table$$Base                      0x08006730   Number         0  anon$$obj.o(Region$$Table)
    Region$$Table$$Limit                     0x08006750   Number         0  anon$$obj.o(Region$$Table)
    pwmval                                   0x20000000   Data           2  main.o(.data)
    dir                                      0x20000002   Data           1  main.o(.data)
    dire                                     0x20000004   Data           4  main.o(.data)
    ackk                                     0x20000008   Data           1  main.o(.data)
    success                                  0x20000009   Data           1  main.o(.data)
    Acel                                     0x2000000a   Data           6  main.o(.data)
    Gyro                                     0x20000010   Data           6  main.o(.data)
    Temp                                     0x20000018   Data           4  main.o(.data)
    pitch_rad                                0x2000001c   Data           4  main.o(.data)
    fused_angle                              0x20000020   Data           4  main.o(.data)
    fused_angle_gz                           0x20000024   Data           4  main.o(.data)
    ax_raw                                   0x20000028   Data           2  main.o(.data)
    ay_raw                                   0x2000002a   Data           2  main.o(.data)
    az_raw                                   0x2000002c   Data           2  main.o(.data)
    gx_raw                                   0x2000002e   Data           2  main.o(.data)
    gy_raw                                   0x20000030   Data           2  main.o(.data)
    gz_raw                                   0x20000032   Data           2  main.o(.data)
    KP_TURN                                  0x20000034   Data           4  main.o(.data)
    KD_TURN                                  0x20000038   Data           4  main.o(.data)
    g_TotalCount                             0x2000003c   Data           4  main.o(.data)
    g_LastCount                              0x20000040   Data           2  main.o(.data)
    speed_rpm                                0x20000044   Data           4  main.o(.data)
    speed_rpm1                               0x20000048   Data           4  main.o(.data)
    g_TotalCount1                            0x2000004c   Data           4  main.o(.data)
    g_LastCount1                             0x20000050   Data           2  main.o(.data)
    pitch                                    0x20000054   Data           4  main.o(.data)
    roll                                     0x20000058   Data           4  main.o(.data)
    yaw                                      0x2000005c   Data           4  main.o(.data)
    accel_angle                              0x20000060   Data           4  main.o(.data)
    balancePwmValue                          0x20000064   Data           4  main.o(.data)
    gyro_rate                                0x20000068   Data           4  main.o(.data)
    angle_adjust                             0x2000006c   Data           4  main.o(.data)
    second                                   0x20000088   Data           2  stm32f4xx_it.o(.data)
    p_msDelayValue                           0x20000090   Data           2  stm32f4xx_it.o(.data)
    p_usDelayValue                           0x20000092   Data           2  stm32f4xx_it.o(.data)
    df                                       0x20000098   Data           4  stm32f4xx_it.o(.data)
    df1                                      0x2000009c   Data           4  stm32f4xx_it.o(.data)
    p_tim1_overflows                         0x200000a0   Data           4  stm32f4xx_it.o(.data)
    p_tim5_overflows                         0x200000a4   Data           4  stm32f4xx_it.o(.data)
    cnt10msFlag                              0x200000ac   Data           1  stm32f4xx_it.o(.data)
    cnt50msFlag                              0x200000ad   Data           1  stm32f4xx_it.o(.data)
    kf_pitch                                 0x200000e8   Data          36  main.o(.bss)
    kf_pitch_gz                              0x2000010c   Data          36  main.o(.bss)
    DataStruct                               0x20000130   Data          36  main.o(.bss)
    gyro                                     0x20000164   Data          12  mpu6500.o(.bss)
    accel                                    0x20000170   Data          12  mpu6500.o(.bss)
    __libspace_start                         0x2000017c   Data          96  libspace.o(.bss)
    __temporary_stack_top$libspace           0x200001dc   Data           0  libspace.o(.bss)



==============================================================================

Memory Map of the image

  Image Entry point : 0x08000189

  Load Region LR_IROM1 (Base: 0x08000000, Size: 0x00006838, Max: 0x00080000, ABSOLUTE)

    Execution Region ER_IROM1 (Exec base: 0x08000000, Load base: 0x08000000, Size: 0x00006750, Max: 0x00080000, ABSOLUTE)

    Exec Addr    Load Addr    Size         Type   Attr      Idx    E Section Name        Object

    0x08000000   0x08000000   0x00000188   Data   RO            3    RESET               startup_stm32f40_41xxx.o
    0x08000188   0x08000188   0x00000008   Code   RO         5873  * !!!main             c_w.l(__main.o)
    0x08000190   0x08000190   0x00000034   Code   RO         6173    !!!scatter          c_w.l(__scatter.o)
    0x080001c4   0x080001c4   0x0000001a   Code   RO         6175    !!handler_copy      c_w.l(__scatter_copy.o)
    0x080001de   0x080001de   0x00000002   PAD
    0x080001e0   0x080001e0   0x0000001c   Code   RO         6177    !!handler_zi        c_w.l(__scatter_zi.o)
    0x080001fc   0x080001fc   0x00000002   Code   RO         6040    .ARM.Collect$$libinit$$00000000  c_w.l(libinit.o)
    0x080001fe   0x080001fe   0x00000004   Code   RO         6047    .ARM.Collect$$libinit$$00000001  c_w.l(libinit2.o)
    0x08000202   0x08000202   0x00000000   Code   RO         6050    .ARM.Collect$$libinit$$00000004  c_w.l(libinit2.o)
    0x08000202   0x08000202   0x00000000   Code   RO         6053    .ARM.Collect$$libinit$$0000000A  c_w.l(libinit2.o)
    0x08000202   0x08000202   0x00000000   Code   RO         6055    .ARM.Collect$$libinit$$0000000C  c_w.l(libinit2.o)
    0x08000202   0x08000202   0x00000000   Code   RO         6057    .ARM.Collect$$libinit$$0000000E  c_w.l(libinit2.o)
    0x08000202   0x08000202   0x00000000   Code   RO         6060    .ARM.Collect$$libinit$$00000011  c_w.l(libinit2.o)
    0x08000202   0x08000202   0x00000000   Code   RO         6062    .ARM.Collect$$libinit$$00000013  c_w.l(libinit2.o)
    0x08000202   0x08000202   0x00000000   Code   RO         6064    .ARM.Collect$$libinit$$00000015  c_w.l(libinit2.o)
    0x08000202   0x08000202   0x00000000   Code   RO         6066    .ARM.Collect$$libinit$$00000017  c_w.l(libinit2.o)
    0x08000202   0x08000202   0x00000000   Code   RO         6068    .ARM.Collect$$libinit$$00000019  c_w.l(libinit2.o)
    0x08000202   0x08000202   0x00000000   Code   RO         6070    .ARM.Collect$$libinit$$0000001B  c_w.l(libinit2.o)
    0x08000202   0x08000202   0x00000000   Code   RO         6072    .ARM.Collect$$libinit$$0000001D  c_w.l(libinit2.o)
    0x08000202   0x08000202   0x00000000   Code   RO         6074    .ARM.Collect$$libinit$$0000001F  c_w.l(libinit2.o)
    0x08000202   0x08000202   0x00000000   Code   RO         6076    .ARM.Collect$$libinit$$00000021  c_w.l(libinit2.o)
    0x08000202   0x08000202   0x00000000   Code   RO         6078    .ARM.Collect$$libinit$$00000023  c_w.l(libinit2.o)
    0x08000202   0x08000202   0x00000000   Code   RO         6080    .ARM.Collect$$libinit$$00000025  c_w.l(libinit2.o)
    0x08000202   0x08000202   0x00000000   Code   RO         6084    .ARM.Collect$$libinit$$0000002C  c_w.l(libinit2.o)
    0x08000202   0x08000202   0x00000000   Code   RO         6086    .ARM.Collect$$libinit$$0000002E  c_w.l(libinit2.o)
    0x08000202   0x08000202   0x00000000   Code   RO         6088    .ARM.Collect$$libinit$$00000030  c_w.l(libinit2.o)
    0x08000202   0x08000202   0x00000000   Code   RO         6090    .ARM.Collect$$libinit$$00000032  c_w.l(libinit2.o)
    0x08000202   0x08000202   0x00000002   Code   RO         6091    .ARM.Collect$$libinit$$00000033  c_w.l(libinit2.o)
    0x08000204   0x08000204   0x00000002   Code   RO         6121    .ARM.Collect$$libshutdown$$00000000  c_w.l(libshutdown.o)
    0x08000206   0x08000206   0x00000000   Code   RO         6138    .ARM.Collect$$libshutdown$$00000002  c_w.l(libshutdown2.o)
    0x08000206   0x08000206   0x00000000   Code   RO         6140    .ARM.Collect$$libshutdown$$00000004  c_w.l(libshutdown2.o)
    0x08000206   0x08000206   0x00000000   Code   RO         6142    .ARM.Collect$$libshutdown$$00000006  c_w.l(libshutdown2.o)
    0x08000206   0x08000206   0x00000000   Code   RO         6145    .ARM.Collect$$libshutdown$$00000009  c_w.l(libshutdown2.o)
    0x08000206   0x08000206   0x00000000   Code   RO         6148    .ARM.Collect$$libshutdown$$0000000C  c_w.l(libshutdown2.o)
    0x08000206   0x08000206   0x00000000   Code   RO         6150    .ARM.Collect$$libshutdown$$0000000E  c_w.l(libshutdown2.o)
    0x08000206   0x08000206   0x00000000   Code   RO         6153    .ARM.Collect$$libshutdown$$00000011  c_w.l(libshutdown2.o)
    0x08000206   0x08000206   0x00000002   Code   RO         6154    .ARM.Collect$$libshutdown$$00000012  c_w.l(libshutdown2.o)
    0x08000208   0x08000208   0x00000000   Code   RO         5935    .ARM.Collect$$rtentry$$00000000  c_w.l(__rtentry.o)
    0x08000208   0x08000208   0x00000000   Code   RO         5999    .ARM.Collect$$rtentry$$00000002  c_w.l(__rtentry2.o)
    0x08000208   0x08000208   0x00000006   Code   RO         6011    .ARM.Collect$$rtentry$$00000004  c_w.l(__rtentry4.o)
    0x0800020e   0x0800020e   0x00000000   Code   RO         6001    .ARM.Collect$$rtentry$$00000009  c_w.l(__rtentry2.o)
    0x0800020e   0x0800020e   0x00000004   Code   RO         6002    .ARM.Collect$$rtentry$$0000000A  c_w.l(__rtentry2.o)
    0x08000212   0x08000212   0x00000000   Code   RO         6004    .ARM.Collect$$rtentry$$0000000C  c_w.l(__rtentry2.o)
    0x08000212   0x08000212   0x00000008   Code   RO         6005    .ARM.Collect$$rtentry$$0000000D  c_w.l(__rtentry2.o)
    0x0800021a   0x0800021a   0x00000002   Code   RO         6041    .ARM.Collect$$rtexit$$00000000  c_w.l(rtexit.o)
    0x0800021c   0x0800021c   0x00000000   Code   RO         6093    .ARM.Collect$$rtexit$$00000002  c_w.l(rtexit2.o)
    0x0800021c   0x0800021c   0x00000004   Code   RO         6094    .ARM.Collect$$rtexit$$00000003  c_w.l(rtexit2.o)
    0x08000220   0x08000220   0x00000006   Code   RO         6095    .ARM.Collect$$rtexit$$00000004  c_w.l(rtexit2.o)
    0x08000226   0x08000226   0x00000002   PAD
    0x08000228   0x08000228   0x00000040   Code   RO            4    .text               startup_stm32f40_41xxx.o
    0x08000268   0x08000268   0x00000048   Code   RO         5865    .text               c_w.l(llsdiv.o)
    0x080002b0   0x080002b0   0x00000058   Code   RO         5867    .text               c_w.l(memcmp.o)
    0x08000308   0x08000308   0x00000010   Code   RO         5869    .text               c_w.l(aeabi_memset.o)
    0x08000318   0x08000318   0x00000006   Code   RO         5871    .text               c_w.l(heapauxi.o)
    0x0800031e   0x0800031e   0x000000ee   Code   RO         5936    .text               c_w.l(lludivv7m.o)
    0x0800040c   0x0800040c   0x00000016   Code   RO         5938    .text               c_w.l(_rserrno.o)
    0x08000422   0x08000422   0x00000044   Code   RO         5940    .text               c_w.l(rt_memclr.o)
    0x08000466   0x08000466   0x00000002   PAD
    0x08000468   0x08000468   0x00000008   Code   RO         6020    .text               c_w.l(rt_errno_addr_intlibspace.o)
    0x08000470   0x08000470   0x0000004e   Code   RO         6022    .text               c_w.l(rt_memclr_w.o)
    0x080004be   0x080004be   0x00000002   PAD
    0x080004c0   0x080004c0   0x00000008   Code   RO         6026    .text               c_w.l(libspace.o)
    0x080004c8   0x080004c8   0x0000004a   Code   RO         6029    .text               c_w.l(sys_stackheap_outer.o)
    0x08000512   0x08000512   0x00000012   Code   RO         6033    .text               c_w.l(exit.o)
    0x08000524   0x08000524   0x0000000c   Code   RO         6109    .text               c_w.l(sys_exit.o)
    0x08000530   0x08000530   0x00000002   Code   RO         6126    .text               c_w.l(use_no_semi.o)
    0x08000532   0x08000532   0x00000000   Code   RO         6128    .text               c_w.l(indicate_semi.o)
    0x08000532   0x08000532   0x00000004   Code   RO         4975    i.BusFault_Handler  stm32f4xx_it.o
    0x08000536   0x08000536   0x00000002   PAD
    0x08000538   0x08000538   0x00000078   Code   RO         4847    i.Calculate_Speed_RPM  main.o
    0x080005b0   0x080005b0   0x00000078   Code   RO         4848    i.Calculate_Speed_RPM1  main.o
    0x08000628   0x08000628   0x00000002   Code   RO         4976    i.DebugMon_Handler  stm32f4xx_it.o
    0x0800062a   0x0800062a   0x00000002   PAD
    0x0800062c   0x0800062c   0x0000000c   Code   RO         5110    i.Encoder_Clear_Count  cpu.o
    0x08000638   0x08000638   0x0000000c   Code   RO         5111    i.Encoder_Clear_Count1  cpu.o
    0x08000644   0x08000644   0x0000000c   Code   RO         4849    i.Encoder_Get_Count  main.o
    0x08000650   0x08000650   0x0000000c   Code   RO         4850    i.Encoder_Get_Count1  main.o
    0x0800065c   0x0800065c   0x00000090   Code   RO         1840    i.GPIO_Init         stm32f4xx_gpio.o
    0x080006ec   0x080006ec   0x00000046   Code   RO         1841    i.GPIO_PinAFConfig  stm32f4xx_gpio.o
    0x08000732   0x08000732   0x00000012   Code   RO         1844    i.GPIO_ReadInputDataBit  stm32f4xx_gpio.o
    0x08000744   0x08000744   0x00000004   Code   RO         1847    i.GPIO_ResetBits    stm32f4xx_gpio.o
    0x08000748   0x08000748   0x00000004   Code   RO         1848    i.GPIO_SetBits      stm32f4xx_gpio.o
    0x0800074c   0x0800074c   0x00000004   Code   RO         4977    i.HardFault_Handler  stm32f4xx_it.o
    0x08000750   0x08000750   0x00000044   Code   RO         4851    i.Kalman_Init       main.o
    0x08000794   0x08000794   0x00000020   Code   RO         5113    i.MPU6050ReadID     cpu.o
    0x080007b4   0x080007b4   0x00000214   Code   RO         5823    i.MPU6050_DMP_Get_Date  mpu6500.o
    0x080009c8   0x080009c8   0x000000b0   Code   RO         5824    i.MPU6050_DMP_init  mpu6500.o
    0x08000a78   0x08000a78   0x00000004   Code   RO         4978    i.MemManage_Handler  stm32f4xx_it.o
    0x08000a7c   0x08000a7c   0x00000002   Code   RO         4979    i.NMI_Handler       stm32f4xx_it.o
    0x08000a7e   0x08000a7e   0x00000002   PAD
    0x08000a80   0x08000a80   0x00000078   Code   RO           12    i.NVIC_Init         misc.o
    0x08000af8   0x08000af8   0x00000014   Code   RO           13    i.NVIC_PriorityGroupConfig  misc.o
    0x08000b0c   0x08000b0c   0x00000002   Code   RO         4980    i.PendSV_Handler    stm32f4xx_it.o
    0x08000b0e   0x08000b0e   0x00000002   PAD
    0x08000b10   0x08000b10   0x00000020   Code   RO         2704    i.RCC_AHB1PeriphClockCmd  stm32f4xx_rcc.o
    0x08000b30   0x08000b30   0x00000020   Code   RO         2713    i.RCC_APB1PeriphClockCmd  stm32f4xx_rcc.o
    0x08000b50   0x08000b50   0x00000020   Code   RO         2716    i.RCC_APB2PeriphClockCmd  stm32f4xx_rcc.o
    0x08000b70   0x08000b70   0x00000002   Code   RO         4981    i.SVC_Handler       stm32f4xx_it.o
    0x08000b72   0x08000b72   0x00000072   Code   RO         5116    i.Sensor_Read_DMP   cpu.o
    0x08000be4   0x08000be4   0x00000060   Code   RO         5117    i.Sensor_write_DMP  cpu.o
    0x08000c44   0x08000c44   0x000000ec   Code   RO         5073    i.SetSysClock       system_stm32f4xx.o
    0x08000d30   0x08000d30   0x00000002   Code   RO         4982    i.SysTick_Handler   stm32f4xx_it.o
    0x08000d32   0x08000d32   0x00000002   PAD
    0x08000d34   0x08000d34   0x00000068   Code   RO         5075    i.SystemInit        system_stm32f4xx.o
    0x08000d9c   0x08000d9c   0x0000003a   Code   RO         4035    i.TI1_Config        stm32f4xx_tim.o
    0x08000dd6   0x08000dd6   0x00000050   Code   RO         4036    i.TI2_Config        stm32f4xx_tim.o
    0x08000e26   0x08000e26   0x00000048   Code   RO         4037    i.TI3_Config        stm32f4xx_tim.o
    0x08000e6e   0x08000e6e   0x00000050   Code   RO         4038    i.TI4_Config        stm32f4xx_tim.o
    0x08000ebe   0x08000ebe   0x00000002   PAD
    0x08000ec0   0x08000ec0   0x00000040   Code   RO         4983    i.TIM1_UP_TIM10_IRQHandler  stm32f4xx_it.o
    0x08000f00   0x08000f00   0x00000040   Code   RO         4984    i.TIM5_IRQHandler   stm32f4xx_it.o
    0x08000f40   0x08000f40   0x00000064   Code   RO         4985    i.TIM6_DAC_IRQHandler  stm32f4xx_it.o
    0x08000fa4   0x08000fa4   0x000000d0   Code   RO         4986    i.TIM7_IRQHandler   stm32f4xx_it.o
    0x08001074   0x08001074   0x00000018   Code   RO         4039    i.TIM_ARRPreloadConfig  stm32f4xx_tim.o
    0x0800108c   0x0800108c   0x00000006   Code   RO         4046    i.TIM_ClearITPendingBit  stm32f4xx_tim.o
    0x08001092   0x08001092   0x00000018   Code   RO         4051    i.TIM_Cmd           stm32f4xx_tim.o
    0x080010aa   0x080010aa   0x0000001e   Code   RO         4053    i.TIM_CtrlPWMOutputs  stm32f4xx_tim.o
    0x080010c8   0x080010c8   0x00000042   Code   RO         4060    i.TIM_EncoderInterfaceConfig  stm32f4xx_tim.o
    0x0800110a   0x0800110a   0x00000022   Code   RO         4072    i.TIM_GetITStatus   stm32f4xx_tim.o
    0x0800112c   0x0800112c   0x0000006e   Code   RO         4074    i.TIM_ICInit        stm32f4xx_tim.o
    0x0800119a   0x0800119a   0x00000012   Code   RO         4076    i.TIM_ITConfig      stm32f4xx_tim.o
    0x080011ac   0x080011ac   0x0000007c   Code   RO         4080    i.TIM_OC1Init       stm32f4xx_tim.o
    0x08001228   0x08001228   0x00000012   Code   RO         4083    i.TIM_OC1PreloadConfig  stm32f4xx_tim.o
    0x0800123a   0x0800123a   0x00000002   PAD
    0x0800123c   0x0800123c   0x000000a4   Code   RO         4085    i.TIM_OC2Init       stm32f4xx_tim.o
    0x080012e0   0x080012e0   0x0000001a   Code   RO         4088    i.TIM_OC2PreloadConfig  stm32f4xx_tim.o
    0x080012fa   0x080012fa   0x00000012   Code   RO         4118    i.TIM_SetIC1Prescaler  stm32f4xx_tim.o
    0x0800130c   0x0800130c   0x0000001a   Code   RO         4119    i.TIM_SetIC2Prescaler  stm32f4xx_tim.o
    0x08001326   0x08001326   0x00000012   Code   RO         4120    i.TIM_SetIC3Prescaler  stm32f4xx_tim.o
    0x08001338   0x08001338   0x0000001a   Code   RO         4121    i.TIM_SetIC4Prescaler  stm32f4xx_tim.o
    0x08001352   0x08001352   0x00000002   PAD
    0x08001354   0x08001354   0x00000084   Code   RO         4123    i.TIM_TimeBaseInit  stm32f4xx_tim.o
    0x080013d8   0x080013d8   0x00000004   Code   RO         4987    i.UsageFault_Handler  stm32f4xx_it.o
    0x080013dc   0x080013dc   0x00000030   Code   RO         5993    i.__ARM_fpclassify  m_wm.l(fpclassify.o)
    0x0800140c   0x0800140c   0x00000004   PAD
    0x08001410   0x08001410   0x00000360   Code   RO         5897    i.__hardfp_asin     m_wm.l(asin.o)
    0x08001770   0x08001770   0x000002d8   Code   RO         5959    i.__hardfp_atan     m_wm.l(atan.o)
    0x08001a48   0x08001a48   0x00000200   Code   RO         5911    i.__hardfp_atan2    m_wm.l(atan2.o)
    0x08001c48   0x08001c48   0x000000f8   Code   RO         5995    i.__kernel_poly     m_wm.l(poly.o)
    0x08001d40   0x08001d40   0x00000014   Code   RO         5974    i.__mathlib_dbl_infnan  m_wm.l(dunder.o)
    0x08001d54   0x08001d54   0x00000014   Code   RO         5975    i.__mathlib_dbl_infnan2  m_wm.l(dunder.o)
    0x08001d68   0x08001d68   0x00000020   Code   RO         5976    i.__mathlib_dbl_invalid  m_wm.l(dunder.o)
    0x08001d88   0x08001d88   0x00000020   Code   RO         5979    i.__mathlib_dbl_underflow  m_wm.l(dunder.o)
    0x08001da8   0x08001da8   0x00000244   Code   RO         5284    i.accel_6500_self_test  inv_mpu.o
    0x08001fec   0x08001fec   0x00000010   Code   RO         5961    i.atan              m_wm.l(atan.o)
    0x08001ffc   0x08001ffc   0x00000040   Code   RO         5118    i.cpuInit           cpu.o
    0x0800203c   0x0800203c   0x00000064   Code   RO         5632    i.decode_gesture    inv_mpu_dmp_motion_driver.o
    0x080020a0   0x080020a0   0x00000014   Code   RO         5119    i.delayMs           cpu.o
    0x080020b4   0x080020b4   0x00000014   Code   RO         5120    i.delayUs           cpu.o
    0x080020c8   0x080020c8   0x0000003c   Code   RO         5633    i.dmp_enable_6x_lp_quat  inv_mpu_dmp_motion_driver.o
    0x08002104   0x08002104   0x0000021c   Code   RO         5634    i.dmp_enable_feature  inv_mpu_dmp_motion_driver.o
    0x08002320   0x08002320   0x00000058   Code   RO         5635    i.dmp_enable_gyro_cal  inv_mpu_dmp_motion_driver.o
    0x08002378   0x08002378   0x0000003c   Code   RO         5636    i.dmp_enable_lp_quat  inv_mpu_dmp_motion_driver.o
    0x080023b4   0x080023b4   0x00000018   Code   RO         5641    i.dmp_load_motion_driver_firmware  inv_mpu_dmp_motion_driver.o
    0x080023cc   0x080023cc   0x000001cc   Code   RO         5642    i.dmp_read_fifo     inv_mpu_dmp_motion_driver.o
    0x08002598   0x08002598   0x00000134   Code   RO         5645    i.dmp_set_accel_bias  inv_mpu_dmp_motion_driver.o
    0x080026cc   0x080026cc   0x00000070   Code   RO         5646    i.dmp_set_fifo_rate  inv_mpu_dmp_motion_driver.o
    0x0800273c   0x0800273c   0x00000130   Code   RO         5647    i.dmp_set_gyro_bias  inv_mpu_dmp_motion_driver.o
    0x0800286c   0x0800286c   0x00000138   Code   RO         5649    i.dmp_set_orientation  inv_mpu_dmp_motion_driver.o
    0x080029a4   0x080029a4   0x00000038   Code   RO         5652    i.dmp_set_shake_reject_thresh  inv_mpu_dmp_motion_driver.o
    0x080029dc   0x080029dc   0x00000026   Code   RO         5653    i.dmp_set_shake_reject_time  inv_mpu_dmp_motion_driver.o
    0x08002a02   0x08002a02   0x00000026   Code   RO         5654    i.dmp_set_shake_reject_timeout  inv_mpu_dmp_motion_driver.o
    0x08002a28   0x08002a28   0x00000046   Code   RO         5655    i.dmp_set_tap_axes  inv_mpu_dmp_motion_driver.o
    0x08002a6e   0x08002a6e   0x00000026   Code   RO         5656    i.dmp_set_tap_count  inv_mpu_dmp_motion_driver.o
    0x08002a94   0x08002a94   0x000001c0   Code   RO         5657    i.dmp_set_tap_thresh  inv_mpu_dmp_motion_driver.o
    0x08002c54   0x08002c54   0x00000026   Code   RO         5658    i.dmp_set_tap_time  inv_mpu_dmp_motion_driver.o
    0x08002c7a   0x08002c7a   0x00000026   Code   RO         5659    i.dmp_set_tap_time_multi  inv_mpu_dmp_motion_driver.o
    0x08002ca0   0x08002ca0   0x000000fc   Code   RO         5121    i.encoderInit       cpu.o
    0x08002d9c   0x08002d9c   0x00000018   Code   RO         5989    i.fabs              m_wm.l(fabs.o)
    0x08002db4   0x08002db4   0x000004f4   Code   RO         5285    i.get_st_6500_biases  inv_mpu.o
    0x080032a8   0x080032a8   0x00000160   Code   RO         5122    i.gpioInit          cpu.o
    0x08003408   0x08003408   0x00000214   Code   RO         5287    i.gyro_6500_self_test  inv_mpu.o
    0x0800361c   0x0800361c   0x00000040   Code   RO         5124    i.iicAck            cpu.o
    0x0800365c   0x0800365c   0x00000034   Code   RO         5125    i.iicNAck           cpu.o
    0x08003690   0x08003690   0x00000048   Code   RO         5126    i.iicReadOneByte    cpu.o
    0x080036d8   0x080036d8   0x00000068   Code   RO         5127    i.iicSendOneByte    cpu.o
    0x08003740   0x08003740   0x00000040   Code   RO         5128    i.iicStart          cpu.o
    0x08003780   0x08003780   0x0000002c   Code   RO         5129    i.iicStop           cpu.o
    0x080037ac   0x080037ac   0x00000048   Code   RO         5130    i.iicWaitAck        cpu.o
    0x080037f4   0x080037f4   0x00000028   Code   RO         5825    i.inv_orientation_matrix_to_scalar  mpu6500.o
    0x0800381c   0x0800381c   0x0000004e   Code   RO         5826    i.inv_row_2_scale   mpu6500.o
    0x0800386a   0x0800386a   0x00000002   PAD
    0x0800386c   0x0800386c   0x00000094   Code   RO         4858    i.main              main.o
    0x08003900   0x08003900   0x00000070   Code   RO         5131    i.motorPwmInit      cpu.o
    0x08003970   0x08003970   0x00000036   Code   RO         5132    i.mpu6500Init       cpu.o
    0x080039a6   0x080039a6   0x00000072   Code   RO         5133    i.mpuRead           cpu.o
    0x08003a18   0x08003a18   0x00000048   Code   RO         5134    i.mpuWrite          cpu.o
    0x08003a60   0x08003a60   0x00000070   Code   RO         5288    i.mpu_configure_fifo  inv_mpu.o
    0x08003ad0   0x08003ad0   0x0000004c   Code   RO         5289    i.mpu_get_accel_fsr  inv_mpu.o
    0x08003b1c   0x08003b1c   0x00000054   Code   RO         5291    i.mpu_get_accel_sens  inv_mpu.o
    0x08003b70   0x08003b70   0x00000010   Code   RO         5296    i.mpu_get_fifo_config  inv_mpu.o
    0x08003b80   0x08003b80   0x00000044   Code   RO         5297    i.mpu_get_gyro_fsr  inv_mpu.o
    0x08003bc4   0x08003bc4   0x00000060   Code   RO         5299    i.mpu_get_gyro_sens  inv_mpu.o
    0x08003c24   0x08003c24   0x00000050   Code   RO         5301    i.mpu_get_lpf       inv_mpu.o
    0x08003c74   0x08003c74   0x00000020   Code   RO         5303    i.mpu_get_sample_rate  inv_mpu.o
    0x08003c94   0x08003c94   0x00000120   Code   RO         5305    i.mpu_init          inv_mpu.o
    0x08003db4   0x08003db4   0x000000c0   Code   RO         5306    i.mpu_load_firmware  inv_mpu.o
    0x08003e74   0x08003e74   0x0000011c   Code   RO         5307    i.mpu_lp_accel_mode  inv_mpu.o
    0x08003f90   0x08003f90   0x000000c0   Code   RO         5313    i.mpu_read_fifo_stream  inv_mpu.o
    0x08004050   0x08004050   0x00000080   Code   RO         5314    i.mpu_read_mem      inv_mpu.o
    0x080040d0   0x080040d0   0x000001c8   Code   RO         5317    i.mpu_reset_fifo    inv_mpu.o
    0x08004298   0x08004298   0x00000158   Code   RO         5318    i.mpu_run_6500_self_test  inv_mpu.o
    0x080043f0   0x080043f0   0x00000084   Code   RO         5322    i.mpu_set_accel_fsr  inv_mpu.o
    0x08004474   0x08004474   0x0000014c   Code   RO         5323    i.mpu_set_bypass    inv_mpu.o
    0x080045c0   0x080045c0   0x00000090   Code   RO         5325    i.mpu_set_dmp_state  inv_mpu.o
    0x08004650   0x08004650   0x00000088   Code   RO         5327    i.mpu_set_gyro_fsr  inv_mpu.o
    0x080046d8   0x080046d8   0x0000006c   Code   RO         5328    i.mpu_set_int_latched  inv_mpu.o
    0x08004744   0x08004744   0x00000084   Code   RO         5330    i.mpu_set_lpf       inv_mpu.o
    0x080047c8   0x080047c8   0x0000009c   Code   RO         5331    i.mpu_set_sample_rate  inv_mpu.o
    0x08004864   0x08004864   0x000000d0   Code   RO         5332    i.mpu_set_sensors   inv_mpu.o
    0x08004934   0x08004934   0x00000080   Code   RO         5333    i.mpu_write_mem     inv_mpu.o
    0x080049b4   0x080049b4   0x00000002   Code   RO         5334    i.my_delay_ms       inv_mpu.o
    0x080049b6   0x080049b6   0x0000004c   Code   RO         5135    i.periphClockInit   cpu.o
    0x08004a02   0x08004a02   0x00000002   PAD
    0x08004a04   0x08004a04   0x000000b0   Code   RO         5827    i.run_self_test     mpu6500.o
    0x08004ab4   0x08004ab4   0x00000090   Code   RO         5335    i.set_int_enable    inv_mpu.o
    0x08004b44   0x08004b44   0x0000006e   Code   RO         5925    i.sqrt              m_wm.l(sqrt.o)
    0x08004bb2   0x08004bb2   0x00000002   PAD
    0x08004bb4   0x08004bb4   0x00000058   Code   RO         5136    i.tim6Init          cpu.o
    0x08004c0c   0x08004c0c   0x00000058   Code   RO         5137    i.tim7Init          cpu.o
    0x08004c64   0x08004c64   0x00000018   Code   RO         5942    x$fpl$basic         fz_wm.l(basic.o)
    0x08004c7c   0x08004c7c   0x00000062   Code   RO         5875    x$fpl$d2f           fz_wm.l(d2f.o)
    0x08004cde   0x08004cde   0x00000002   PAD
    0x08004ce0   0x08004ce0   0x00000150   Code   RO         5877    x$fpl$dadd          fz_wm.l(daddsub_clz.o)
    0x08004e30   0x08004e30   0x00000018   Code   RO         6024    x$fpl$dcmpinf       fz_wm.l(dcmpi.o)
    0x08004e48   0x08004e48   0x000002b0   Code   RO         5884    x$fpl$ddiv          fz_wm.l(ddiv.o)
    0x080050f8   0x080050f8   0x00000078   Code   RO         5944    x$fpl$deqf          fz_wm.l(deqf.o)
    0x08005170   0x08005170   0x00000154   Code   RO         5893    x$fpl$dmul          fz_wm.l(dmul.o)
    0x080052c4   0x080052c4   0x0000009c   Code   RO         5948    x$fpl$dnaninf       fz_wm.l(dnaninf.o)
    0x08005360   0x08005360   0x0000000c   Code   RO         5950    x$fpl$dretinf       fz_wm.l(dretinf.o)
    0x0800536c   0x0800536c   0x00000016   Code   RO         5878    x$fpl$drsb          fz_wm.l(daddsub_clz.o)
    0x08005382   0x08005382   0x00000002   PAD
    0x08005384   0x08005384   0x00000198   Code   RO         5952    x$fpl$dsqrt         fz_wm.l(dsqrt_umaal.o)
    0x0800551c   0x0800551c   0x000001d4   Code   RO         5879    x$fpl$dsub          fz_wm.l(daddsub_clz.o)
    0x080056f0   0x080056f0   0x00000056   Code   RO         5895    x$fpl$f2d           fz_wm.l(f2d.o)
    0x08005746   0x08005746   0x0000008c   Code   RO         5954    x$fpl$fnaninf       fz_wm.l(fnaninf.o)
    0x080057d2   0x080057d2   0x0000000a   Code   RO         6107    x$fpl$fpinit        fz_wm.l(fpinit.o)
    0x080057dc   0x080057dc   0x0000000a   Code   RO         5956    x$fpl$fretinf       fz_wm.l(fretinf.o)
    0x080057e6   0x080057e6   0x00000000   Code   RO         5958    x$fpl$usenofp       fz_wm.l(usenofp.o)
    0x080057e6   0x080057e6   0x00000002   PAD
    0x080057e8   0x080057e8   0x0000025c   Data   RO         5336    .constdata          inv_mpu.o
    0x08005a44   0x08005a44   0x00000bf6   Data   RO         5661    .constdata          inv_mpu_dmp_motion_driver.o
    0x0800663a   0x0800663a   0x00000006   PAD
    0x08006640   0x08006640   0x00000050   Data   RO         5900    .constdata          m_wm.l(asin.o)
    0x08006690   0x08006690   0x00000098   Data   RO         5962    .constdata          m_wm.l(atan.o)
    0x08006728   0x08006728   0x00000008   Data   RO         5997    .constdata          m_wm.l(qnan.o)
    0x08006730   0x08006730   0x00000020   Data   RO         6171    Region$$Table       anon$$obj.o


    Execution Region RW_IRAM1 (Exec base: 0x20000000, Load base: 0x08006750, Size: 0x000007e0, Max: 0x00020000, ABSOLUTE)

    Exec Addr    Load Addr    Size         Type   Attr      Idx    E Section Name        Object

    0x20000000   0x08006750   0x00000088   Data   RW         4861    .data               main.o
    0x20000088   0x080067d8   0x00000026   Data   RW         4988    .data               stm32f4xx_it.o
    0x200000ae   0x080067fe   0x00000002   PAD
    0x200000b0   0x08006800   0x0000002c   Data   RW         5337    .data               inv_mpu.o
    0x200000dc   0x0800682c   0x00000009   Data   RW         5829    .data               mpu6500.o
    0x200000e5   0x08006835   0x00000003   PAD
    0x200000e8        -       0x0000006c   Zero   RW         4859    .bss                main.o
    0x20000154        -       0x00000010   Zero   RW         5660    .bss                inv_mpu_dmp_motion_driver.o
    0x20000164        -       0x00000018   Zero   RW         5828    .bss                mpu6500.o
    0x2000017c        -       0x00000060   Zero   RW         6027    .bss                c_w.l(libspace.o)
    0x200001dc   0x08006835   0x00000004   PAD
    0x200001e0        -       0x00000200   Zero   RW            2    HEAP                startup_stm32f40_41xxx.o
    0x200003e0        -       0x00000400   Zero   RW            1    STACK               startup_stm32f40_41xxx.o


==============================================================================

Image component sizes


      Code (inc. data)   RO Data    RW Data    ZI Data      Debug   Object Name

      2050         96          0          0          0      12747   cpu.o
      6450        216        604         44          0      28478   inv_mpu.o
      3132        140       3062          0         16      20158   inv_mpu_dmp_motion_driver.o
       480        104          0        136        108     237170   main.o
       140         24          0          0          0     261711   misc.o
      1002         30          0          9         24       4355   mpu6500.o
        64         26        392          0       1536        856   startup_stm32f40_41xxx.o
       240          0          0          0          0       3363   stm32f4xx_gpio.o
       462         84          0         38          0       6771   stm32f4xx_it.o
        96         18          0          0          0       1695   stm32f4xx_rcc.o
      1154         48          0          0          0      13678   stm32f4xx_tim.o
       340         32          0          0          0       1413   system_stm32f4xx.o

    ----------------------------------------------------------------------
     15630        818       4096        232       1684     592395   Object Totals
         0          0         32          0          0          0   (incl. Generated)
        20          0          6          5          0          0   (incl. Padding)

    ----------------------------------------------------------------------

      Code (inc. data)   RO Data    RW Data    ZI Data      Debug   Library Member Name

         8          0          0          0          0         68   __main.o
         0          0          0          0          0          0   __rtentry.o
        12          0          0          0          0          0   __rtentry2.o
         6          0          0          0          0          0   __rtentry4.o
        52          8          0          0          0          0   __scatter.o
        26          0          0          0          0          0   __scatter_copy.o
        28          0          0          0          0          0   __scatter_zi.o
        22          0          0          0          0        100   _rserrno.o
        16          0          0          0          0         68   aeabi_memset.o
        18          0          0          0          0         80   exit.o
         6          0          0          0          0        152   heapauxi.o
         0          0          0          0          0          0   indicate_semi.o
         2          0          0          0          0          0   libinit.o
         6          0          0          0          0          0   libinit2.o
         2          0          0          0          0          0   libshutdown.o
         2          0          0          0          0          0   libshutdown2.o
         8          4          0          0         96         68   libspace.o
        72          0          0          0          0         76   llsdiv.o
       238          0          0          0          0        100   lludivv7m.o
        88          0          0          0          0         76   memcmp.o
         8          4          0          0          0         68   rt_errno_addr_intlibspace.o
        68          0          0          0          0         68   rt_memclr.o
        78          0          0          0          0         80   rt_memclr_w.o
         2          0          0          0          0          0   rtexit.o
        10          0          0          0          0          0   rtexit2.o
        12          4          0          0          0         68   sys_exit.o
        74          0          0          0          0         80   sys_stackheap_outer.o
         2          0          0          0          0         68   use_no_semi.o
        24          0          0          0          0        164   basic.o
        98          4          0          0          0        140   d2f.o
       826         16          0          0          0        492   daddsub_clz.o
        24          0          0          0          0        116   dcmpi.o
       688        140          0          0          0        256   ddiv.o
       120          4          0          0          0        140   deqf.o
       340         12          0          0          0        152   dmul.o
       156          4          0          0          0        140   dnaninf.o
        12          0          0          0          0        116   dretinf.o
       408         56          0          0          0        168   dsqrt_umaal.o
        86          4          0          0          0        132   f2d.o
       140          4          0          0          0        132   fnaninf.o
        10          0          0          0          0        116   fpinit.o
        10          0          0          0          0        116   fretinf.o
         0          0          0          0          0          0   usenofp.o
       864         94         80          0          0        280   asin.o
       744        106        152          0          0        352   atan.o
       512         64          0          0          0        208   atan2.o
       104         16          0          0          0        496   dunder.o
        24          0          0          0          0        124   fabs.o
        48          0          0          0          0        124   fpclassify.o
       248          0          0          0          0        152   poly.o
         0          0          8          0          0          0   qnan.o
       110          0          0          0          0        148   sqrt.o

    ----------------------------------------------------------------------
      6482        544        240          0        100       5484   Library Totals
        20          0          0          0          4          0   (incl. Padding)

    ----------------------------------------------------------------------

      Code (inc. data)   RO Data    RW Data    ZI Data      Debug   Library Name

       866         20          0          0         96       1220   c_w.l
      2942        244          0          0          0       2380   fz_wm.l
      2654        280        240          0          0       1884   m_wm.l

    ----------------------------------------------------------------------
      6482        544        240          0        100       5484   Library Totals

    ----------------------------------------------------------------------

==============================================================================


      Code (inc. data)   RO Data    RW Data    ZI Data      Debug   

     22112       1362       4336        232       1784     582607   Grand Totals
     22112       1362       4336        232       1784     582607   ELF Image Totals
     22112       1362       4336        232          0          0   ROM Totals

==============================================================================

    Total RO  Size (Code + RO Data)                26448 (  25.83kB)
    Total RW  Size (RW Data + ZI Data)              2016 (   1.97kB)
    Total ROM Size (Code + RO Data + RW Data)      26680 (  26.05kB)

==============================================================================

